Archive member included to satisfy reference by file (symbol)

../src/ASF/thirdparty/wireless/services/common_hw_timer/sam0/lib\libsam0_lib_hw_timer.a(common_hw_timer.o)
                              src/ASF/thirdparty/wireless/miwi/source/sys/sysTimer.o (common_tc_read_count)
../src/ASF/thirdparty/wireless/miwi/source/miwi_mesh/sam0/gcc\libsam0_miwi_mesh_panc_sec.a(miwi_mesh.o)
                              src/wsndemo.o (MiApp_ProtocolInit)
../src/ASF/thirdparty/wireless/miwi/source/miwi_mesh/sam0/gcc\libsam0_miwi_mesh_panc_sec.a(miwi_mesh_commissioning.o)
                              ../src/ASF/thirdparty/wireless/miwi/source/miwi_mesh/sam0/gcc\libsam0_miwi_mesh_panc_sec.a(miwi_mesh.o) (bloomFilterAutoJoin)
../src/ASF/thirdparty/wireless/miwi/source/miwi_mesh/sam0/gcc\libsam0_miwi_mesh_panc_sec.a(miwi_mesh_frame.o)
                              ../src/ASF/thirdparty/wireless/miwi/source/miwi_mesh/sam0/gcc\libsam0_miwi_mesh_panc_sec.a(miwi_mesh.o) (channelUpdateTimerExpired)
../src/ASF/thirdparty/wireless/miwi/source/miwi_mesh/sam0/gcc\libsam0_miwi_mesh_panc_sec.a(miwi_mesh_join.o)
                              ../src/ASF/thirdparty/wireless/miwi/source/miwi_mesh/sam0/gcc\libsam0_miwi_mesh_panc_sec.a(miwi_mesh.o) (joinTimer)
../src/ASF/thirdparty/wireless/miwi/source/miwi_mesh/sam0/gcc\libsam0_miwi_mesh_panc_sec.a(miwi_mesh_routing.o)
                              ../src/ASF/thirdparty/wireless/miwi/source/miwi_mesh/sam0/gcc\libsam0_miwi_mesh_panc_sec.a(miwi_mesh.o) (initRouteTable)
../src/ASF/thirdparty/wireless/miwi/source/miwi_mesh/sam0/gcc\libsam0_miwi_mesh_panc_sec.a(miwi_mesh_security.o)
                              ../src/ASF/thirdparty/wireless/miwi/source/miwi_mesh/sam0/gcc\libsam0_miwi_mesh_panc_sec.a(miwi_mesh_frame.o) (keyDetermineProcedure)
c:/program files (x86)/atmel/studio/7.0/toolchain/arm/arm-gnu-toolchain/bin/../lib/gcc/arm-none-eabi/6.3.1/thumb/v6-m\libgcc.a(_udivsi3.o)
                              src/wsndemo.o (__aeabi_uidiv)
c:/program files (x86)/atmel/studio/7.0/toolchain/arm/arm-gnu-toolchain/bin/../lib/gcc/arm-none-eabi/6.3.1/thumb/v6-m\libgcc.a(_divsi3.o)
                              ../src/ASF/thirdparty/wireless/services/common_hw_timer/sam0/lib\libsam0_lib_hw_timer.a(common_hw_timer.o) (__aeabi_idiv)
c:/program files (x86)/atmel/studio/7.0/toolchain/arm/arm-gnu-toolchain/bin/../lib/gcc/arm-none-eabi/6.3.1/thumb/v6-m\libgcc.a(_dvmd_tls.o)
                              c:/program files (x86)/atmel/studio/7.0/toolchain/arm/arm-gnu-toolchain/bin/../lib/gcc/arm-none-eabi/6.3.1/thumb/v6-m\libgcc.a(_udivsi3.o) (__aeabi_idiv0)
c:/program files (x86)/atmel/studio/7.0/toolchain/arm/arm-gnu-toolchain/bin/../lib/gcc/arm-none-eabi/6.3.1/thumb/v6-m\libgcc.a(_arm_cmpsf2.o)
                              src/ASF/thirdparty/wireless/services/common_hw_timer/sam0/hw_timer.o (__aeabi_fcmpge)
c:/program files (x86)/atmel/studio/7.0/toolchain/arm/arm-gnu-toolchain/bin/../lib/gcc/arm-none-eabi/6.3.1/thumb/v6-m\libgcc.a(_muldi3.o)
                              src/ASF/sam0/drivers/sercom/sercom.o (__aeabi_lmul)
c:/program files (x86)/atmel/studio/7.0/toolchain/arm/arm-gnu-toolchain/bin/../lib/gcc/arm-none-eabi/6.3.1/thumb/v6-m\libgcc.a(_fixunssfsi.o)
                              src/ASF/thirdparty/wireless/services/common_hw_timer/sam0/hw_timer.o (__aeabi_f2uiz)
c:/program files (x86)/atmel/studio/7.0/toolchain/arm/arm-gnu-toolchain/bin/../lib/gcc/arm-none-eabi/6.3.1/thumb/v6-m\libgcc.a(addsf3.o)
                              src/ASF/thirdparty/wireless/services/common_hw_timer/sam0/hw_timer.o (__aeabi_fadd)
c:/program files (x86)/atmel/studio/7.0/toolchain/arm/arm-gnu-toolchain/bin/../lib/gcc/arm-none-eabi/6.3.1/thumb/v6-m\libgcc.a(divsf3.o)
                              src/ASF/thirdparty/wireless/services/common_hw_timer/sam0/hw_timer.o (__aeabi_fdiv)
c:/program files (x86)/atmel/studio/7.0/toolchain/arm/arm-gnu-toolchain/bin/../lib/gcc/arm-none-eabi/6.3.1/thumb/v6-m\libgcc.a(eqsf2.o)
                              c:/program files (x86)/atmel/studio/7.0/toolchain/arm/arm-gnu-toolchain/bin/../lib/gcc/arm-none-eabi/6.3.1/thumb/v6-m\libgcc.a(_arm_cmpsf2.o) (__eqsf2)
c:/program files (x86)/atmel/studio/7.0/toolchain/arm/arm-gnu-toolchain/bin/../lib/gcc/arm-none-eabi/6.3.1/thumb/v6-m\libgcc.a(gesf2.o)
                              c:/program files (x86)/atmel/studio/7.0/toolchain/arm/arm-gnu-toolchain/bin/../lib/gcc/arm-none-eabi/6.3.1/thumb/v6-m\libgcc.a(_arm_cmpsf2.o) (__gesf2)
c:/program files (x86)/atmel/studio/7.0/toolchain/arm/arm-gnu-toolchain/bin/../lib/gcc/arm-none-eabi/6.3.1/thumb/v6-m\libgcc.a(lesf2.o)
                              c:/program files (x86)/atmel/studio/7.0/toolchain/arm/arm-gnu-toolchain/bin/../lib/gcc/arm-none-eabi/6.3.1/thumb/v6-m\libgcc.a(_arm_cmpsf2.o) (__lesf2)
c:/program files (x86)/atmel/studio/7.0/toolchain/arm/arm-gnu-toolchain/bin/../lib/gcc/arm-none-eabi/6.3.1/thumb/v6-m\libgcc.a(subsf3.o)
[...]
Memory Configuration

Name             Origin             Length             Attributes
rom              0x00000000         0x00040000         xr
ram              0x20000000         0x00008000         xrw
*default*        0x00000000         0xffffffff

Linker script and memory map

LOAD c:/program files (x86)/atmel/studio/7.0/toolchain/arm/arm-gnu-toolchain/bin/../lib/gcc/arm-none-eabi/6.3.1/thumb/v6-m/crti.o
LOAD c:/program files (x86)/atmel/studio/7.0/toolchain/arm/arm-gnu-toolchain/bin/../lib/gcc/arm-none-eabi/6.3.1/thumb/v6-m/crtbegin.o
LOAD c:/program files (x86)/atmel/studio/7.0/toolchain/arm/arm-gnu-toolchain/bin/../lib/gcc/arm-none-eabi/6.3.1/../../../../arm-none-eabi/lib/thumb/v6-m/crt0.o
LOAD src/wsndemo.o
LOAD src/ASF/common2/services/delay/sam0/systick_counter.o
LOAD src/ASF/common/utils/interrupt/interrupt_sam_nvic.o
LOAD src/ASF/sam0/boards/samr21_xplained_pro/board_init.o
LOAD src/ASF/sam0/drivers/extint/extint_callback.o
LOAD src/ASF/sam0/drivers/extint/extint_sam_d_r_h/extint.o
LOAD src/ASF/sam0/drivers/nvm/nvm.o
LOAD src/ASF/sam0/drivers/port/port.o
LOAD src/ASF/sam0/drivers/sercom/i2c/i2c_sam0/i2c_master.o
LOAD src/ASF/sam0/drivers/sercom/sercom.o
LOAD src/ASF/sam0/drivers/sercom/sercom_interrupt.o
LOAD src/ASF/sam0/drivers/sercom/spi/spi.o
LOAD src/ASF/sam0/drivers/sercom/usart/usart.o
LOAD src/ASF/sam0/drivers/sercom/usart/usart_interrupt.o
LOAD src/ASF/sam0/drivers/system/clock/clock_samd21_r21_da_ha1/clock.o
LOAD src/ASF/sam0/drivers/system/clock/clock_samd21_r21_da_ha1/gclk.o
LOAD src/ASF/sam0/drivers/system/interrupt/system_interrupt.o
LOAD src/ASF/sam0/drivers/system/pinmux/pinmux.o
LOAD src/ASF/sam0/drivers/system/system.o
LOAD src/ASF/sam0/drivers/tc/tc_interrupt.o
LOAD src/ASF/sam0/drivers/tc/tc_sam_d_r_h/tc.o
LOAD src/ASF/sam0/utils/cmsis/samr21/source/gcc/startup_samr21.o
LOAD src/ASF/sam0/utils/cmsis/samr21/source/system_samr21.o
LOAD src/ASF/sam0/utils/stdio/read.o
LOAD src/ASF/sam0/utils/stdio/write.o
LOAD src/ASF/sam0/utils/syscalls/gcc/syscalls.o
LOAD src/ASF/thirdparty/wireless/addons/sio2host/uart/sio2host.o
LOAD src/ASF/thirdparty/wireless/miwi/services/otau/circularBuffer.o
LOAD src/ASF/thirdparty/wireless/miwi/services/otau/debug/client_debug.o
LOAD src/ASF/thirdparty/wireless/miwi/services/otau/debug/server_debug.o
LOAD src/ASF/thirdparty/wireless/miwi/services/otau/notify/client_notify.o
LOAD src/ASF/thirdparty/wireless/miwi/services/otau/notify/server_notify.o
LOAD src/ASF/thirdparty/wireless/miwi/services/otau/otau.o
LOAD src/ASF/thirdparty/wireless/miwi/services/otau/otau_parser.o
LOAD src/ASF/thirdparty/wireless/miwi/services/otau/upgrade/client_upgrade.o
LOAD src/ASF/thirdparty/wireless/miwi/services/otau/upgrade/server_upgrade.o
LOAD src/ASF/thirdparty/wireless/miwi/services/pds/src/nopds/fakePds.o
LOAD src/ASF/thirdparty/wireless/miwi/services/pds/src/nv/D_Nv.o
LOAD src/ASF/thirdparty/wireless/miwi/services/pds/src/nv/External/D_XNv-SamR21.o
LOAD src/ASF/thirdparty/wireless/miwi/services/pds/src/nv/External/S_Nv-External.o
LOAD src/ASF/thirdparty/wireless/miwi/services/pds/src/nv/External/S_XNv.o
LOAD src/ASF/thirdparty/wireless/miwi/services/pds/src/nv/S_Nv-SamR21.o
LOAD src/ASF/thirdparty/wireless/miwi/services/pds/src/wl/wlPdsDataServer.o
LOAD src/ASF/thirdparty/wireless/miwi/services/pds/src/wl/wlPdsInit.o
LOAD src/ASF/thirdparty/wireless/miwi/services/pds/src/wl/wlPdsTaskManager.o
LOAD src/ASF/thirdparty/wireless/miwi/services/pds/src/wl/wlPdsTypesConverter.o
LOAD src/ASF/thirdparty/wireless/miwi/source/mimac/mimac_at86rf.o
LOAD src/ASF/thirdparty/wireless/miwi/source/mimac/phy/at86rf233/phy.o
LOAD src/ASF/thirdparty/wireless/miwi/source/miwi_mesh/miwi_mesh_app.o
LOAD src/ASF/thirdparty/wireless/miwi/source/miwi_mesh/miwi_mesh_pds.o
LOAD src/ASF/thirdparty/wireless/miwi/source/stb/src/stb.o
LOAD src/ASF/thirdparty/wireless/miwi/source/stb/src/stb_armcrypto.o
LOAD src/ASF/thirdparty/wireless/miwi/source/stb/src/stb_help.o
LOAD src/ASF/thirdparty/wireless/miwi/source/sys/mimem.o
LOAD src/ASF/thirdparty/wireless/miwi/source/sys/miqueue.o
LOAD src/ASF/thirdparty/wireless/miwi/source/sys/sysTimer.o
LOAD src/ASF/thirdparty/wireless/services/common_hw_timer/sam0/hw_timer.o
LOAD src/ASF/thirdparty/wireless/services/edbg_eui/edbg-eui.o
LOAD src/ASF/thirdparty/wireless/services/nvm/sam0/sam_nvm.o
LOAD src/ASF/thirdparty/wireless/services/sal/at86rf2xx/src/sal.o
LOAD src/ASF/thirdparty/wireless/services/trx_access/trx_access.o
LOAD src/commands.o
LOAD src/main.o
START GROUP
LOAD ../src/ASF/thirdparty/wireless/services/common_hw_timer/sam0/lib\libsam0_lib_hw_timer.a
LOAD ../src/ASF/thirdparty/wireless/miwi/source/miwi_mesh/sam0/gcc\libsam0_miwi_mesh_panc_sec.a
LOAD ../src/ASF/thirdparty/CMSIS/Lib/GCC\libarm_cortexM0l_math.a
LOAD c:/program files (x86)/atmel/studio/7.0/toolchain/arm/arm-gnu-toolchain/bin/../lib/gcc/arm-none-eabi/6.3.1/../../../../arm-none-eabi/lib/thumb/v6-m\libm.a
END GROUP
START GROUP
LOAD c:/program files (x86)/atmel/studio/7.0/toolchain/arm/arm-gnu-toolchain/bin/../lib/gcc/arm-none-eabi/6.3.1/thumb/v6-m\libgcc.a
LOAD c:/program files (x86)/atmel/studio/7.0/toolchain/arm/arm-gnu-toolchain/bin/../lib/gcc/arm-none-eabi/6.3.1/../../../../arm-none-eabi/lib/thumb/v6-m\libc_nano.a
END GROUP
START GROUP
LOAD c:/program files (x86)/atmel/studio/7.0/toolchain/arm/arm-gnu-toolchain/bin/../lib/gcc/arm-none-eabi/6.3.1/thumb/v6-m\libgcc.a
LOAD c:/program files (x86)/atmel/studio/7.0/toolchain/arm/arm-gnu-toolchain/bin/../lib/gcc/arm-none-eabi/6.3.1/../../../../arm-none-eabi/lib/thumb/v6-m\libc_nano.a
END GROUP
LOAD c:/program files (x86)/atmel/studio/7.0/toolchain/arm/arm-gnu-toolchain/bin/../lib/gcc/arm-none-eabi/6.3.1/thumb/v6-m/crtend.o
LOAD c:/program files (x86)/atmel/studio/7.0/toolchain/arm/arm-gnu-toolchain/bin/../lib/gcc/arm-none-eabi/6.3.1/thumb/v6-m/crtn.o
                0x00000e00                STACK_SIZE = DEFINED (STACK_SIZE)?STACK_SIZE:DEFINED (__stack_size__)?__stack_size__:0xe00

.text           0x00000000    0x177cc
                0x00000000                . = ALIGN (0x4)
                0x00000000                _sfixed = .
 *(.vectors .vectors.*)
 .vectors       0x00000000       0xb4 src/ASF/sam0/utils/cmsis/samr21/source/gcc/startup_samr21.o
                0x00000000                exception_table
                0x00002100                . = ALIGN (0x2100)
 *fill*         0x000000b4     0x204c 
                0x00002100                PROVIDE (__d_nv_mem_start, .)
 FILL mask 0xffffffff
                0x00006100                . = ALIGN (0x6100)
 *fill*         0x00002100     0x4000 ffffffff
                [!provide]                PROVIDE (__d_nv_mem_end, .)
                0x00006100                PROVIDE (__pds_ff_start, .)
 *(.pds_ff)
 .pds_ff        0x00006100       0xb0 src/ASF/thirdparty/wireless/miwi/source/miwi_mesh/miwi_mesh_pds.o
                0x00006100                pds_ff_PDS_ROUTE_TABLE_HOP_ID
                0x00006110                pds_ff_PDS_ROUTE_TABLE_COORD_ID
                0x00006120                pds_ff_PDS_DEVICE_TABLE_SLEEP_ID
                0x00006130                pds_ff_PDS_DEVICE_TABLE_NONSLEEP_ID
                0x00006140                pds_ff_PDS_COORDINATOR_TABLE_ID
                0x00006150                pds_ff_PDS_COMM_DEVICE_TABLE_ID
                0x00006160                pds_ff_PDS_CHANNEL_UPDATE_ID
                0x00006170                pds_ff_PDS_BLOOM_VALUE_ID
                0x00006180                pds_ff_PDS_SECURITY_COUNTER_ID
                0x00006190                pds_ff_PDS_SECURITY_KEY_ID
                0x000061a0                pds_ff_PDS_GENERAL_INFO_ID
                [!provide]                PROVIDE (__pds_ff_end, .)
                0x000061b0                PROVIDE (__pds_fd_start, .)
 *(.pds_fd)
 .pds_fd        0x000061b0        0x8 src/ASF/thirdparty/wireless/miwi/source/miwi_mesh/miwi_mesh_pds.o
                0x000061b0                MiWiFullParamsDirDescr
                [!provide]                PROVIDE (__pds_fd_end, .)
 *(.text .text.* .gnu.linkonce.t.*)
 .text          0x000061b8       0x60 c:/program files (x86)/atmel/studio/7.0/toolchain/arm/arm-gnu-toolchain/bin/../lib/gcc/arm-none-eabi/6.3.1/thumb/v6-m/crtbegin.o
 .text.appNetworkStatusTimerHandler
                0x00006218        0x4 src/wsndemo.o
 .text.ReconnectionIndication
                0x0000621c       0x10 src/wsndemo.o
 .text.appDataSendingTimerHandler
                0x0000622c       0x24 src/wsndemo.o
 .text.appDataInd
                0x00006250       0xa8 src/wsndemo.o
 .text.appDataConf
                0x000062f8       0x4c src/wsndemo.o
 .text.app_cmd_conf
                0x00006344       0x44 src/wsndemo.o
 .text.Connection_Confirm
                0x00006388       0x3c src/wsndemo.o
 .text.wsndemo_init
                0x000063c4       0xc8 src/wsndemo.o
                0x000063c4                wsndemo_init
 .text.wsndemo_task
                0x0000648c      0x3a8 src/wsndemo.o
                0x0000648c                wsndemo_task
 .text.delay_init
                0x00006834       0x40 src/ASF/common2/services/delay/sam0/systick_counter.o
                0x00006834                delay_init
 .text.delay_cycles_us
                0x00006874       0x30 src/ASF/common2/services/delay/sam0/systick_counter.o
                0x00006874                delay_cycles_us
 .text.cpu_irq_enter_critical
                0x000068a4       0x3c src/ASF/common/utils/interrupt/interrupt_sam_nvic.o
                0x000068a4                cpu_irq_enter_critical
 .text.cpu_irq_leave_critical
                0x000068e0       0x30 src/ASF/common/utils/interrupt/interrupt_sam_nvic.o
                0x000068e0                cpu_irq_leave_critical
 .text.system_board_init
                0x00006910       0xcc src/ASF/sam0/boards/samr21_xplained_pro/board_init.o
                0x00006910                board_init
                0x00006910                system_board_init
 .text.extint_register_callback
                0x000069dc       0x28 src/ASF/sam0/drivers/extint/extint_callback.o
                0x000069dc                extint_register_callback
 .text.extint_chan_enable_callback
                0x00006a04       0x24 src/ASF/sam0/drivers/extint/extint_callback.o
                0x00006a04                extint_chan_enable_callback
 .text.extint_chan_disable_callback
                0x00006a28       0x24 src/ASF/sam0/drivers/extint/extint_callback.o
                0x00006a28                extint_chan_disable_callback
 .text.EIC_Handler
                0x00006a4c       0x40 src/ASF/sam0/drivers/extint/extint_callback.o
                0x00006a4c                EIC_Handler
 .text._system_extint_init
                0x00006a8c       0x74 src/ASF/sam0/drivers/extint/extint_sam_d_r_h/extint.o
                0x00006a8c                _system_extint_init
 .text.extint_chan_get_config_defaults
                0x00006b00       0x14 src/ASF/sam0/drivers/extint/extint_sam_d_r_h/extint.o
                0x00006b00                extint_chan_get_config_defaults
 .text.extint_chan_set_config
                0x00006b14       0x78 src/ASF/sam0/drivers/extint/extint_sam_d_r_h/extint.o
                0x00006b14                extint_chan_set_config
 .text.nvm_set_config
                0x00006b8c       0x80 src/ASF/sam0/drivers/nvm/nvm.o
                0x00006b8c                nvm_set_config
 .text.nvm_write_buffer
                0x00006c0c       0xe8 src/ASF/sam0/drivers/nvm/nvm.o
                0x00006c0c                nvm_write_buffer
 .text.nvm_erase_row
                0x00006cf4       0x58 src/ASF/sam0/drivers/nvm/nvm.o
                0x00006cf4                nvm_erase_row
 .text.port_pin_set_config
                0x00006d4c       0x24 src/ASF/sam0/drivers/port/port.o
                0x00006d4c                port_pin_set_config
 .text._i2c_master_write_packet
                0x00006d70      0x184 src/ASF/sam0/drivers/sercom/i2c/i2c_sam0/i2c_master.o
 .text._i2c_master_read_packet
                0x00006ef4      0x2a4 src/ASF/sam0/drivers/sercom/i2c/i2c_sam0/i2c_master.o
 .text.i2c_master_init
                0x00007198      0x2dc src/ASF/sam0/drivers/sercom/i2c/i2c_sam0/i2c_master.o
                0x00007198                i2c_master_init
 .text.i2c_master_reset
                0x00007474       0x30 src/ASF/sam0/drivers/sercom/i2c/i2c_sam0/i2c_master.o
                0x00007474                i2c_master_reset
 .text.i2c_master_read_packet_wait
                0x000074a4       0x14 src/ASF/sam0/drivers/sercom/i2c/i2c_sam0/i2c_master.o
                0x000074a4                i2c_master_read_packet_wait
 .text.i2c_master_write_packet_wait_no_stop
                0x000074b8       0x14 src/ASF/sam0/drivers/sercom/i2c/i2c_sam0/i2c_master.o
                0x000074b8                i2c_master_write_packet_wait_no_stop
 .text._sercom_get_sync_baud_val
                0x000074cc       0x28 src/ASF/sam0/drivers/sercom/sercom.o
                0x000074cc                _sercom_get_sync_baud_val
 .text._sercom_get_async_baud_val
                0x000074f4      0x268 src/ASF/sam0/drivers/sercom/sercom.o
                0x000074f4                _sercom_get_async_baud_val
 .text.sercom_set_gclk_generator
                0x0000775c       0x48 src/ASF/sam0/drivers/sercom/sercom.o
                0x0000775c                sercom_set_gclk_generator
 .text._sercom_get_default_pad
                0x000077a4      0x160 src/ASF/sam0/drivers/sercom/sercom.o
                0x000077a4                _sercom_get_default_pad
 .text._sercom_get_sercom_inst_index
                0x00007904       0x64 src/ASF/sam0/drivers/sercom/sercom.o
                0x00007904                _sercom_get_sercom_inst_index
 .text._sercom_default_handler
                0x00007968        0x4 src/ASF/sam0/drivers/sercom/sercom_interrupt.o
 .text._sercom_set_handler
                0x0000796c       0x48 src/ASF/sam0/drivers/sercom/sercom_interrupt.o
                0x0000796c                _sercom_set_handler
 .text._sercom_get_interrupt_vector
                0x000079b4       0x30 src/ASF/sam0/drivers/sercom/sercom_interrupt.o
                0x000079b4                _sercom_get_interrupt_vector
 .text.SERCOM0_Handler
                0x000079e4       0x10 src/ASF/sam0/drivers/sercom/sercom_interrupt.o
                0x000079e4                SERCOM0_Handler
 .text.SERCOM1_Handler
                0x000079f4       0x10 src/ASF/sam0/drivers/sercom/sercom_interrupt.o
                0x000079f4                SERCOM1_Handler
 .text.SERCOM2_Handler
                0x00007a04       0x10 src/ASF/sam0/drivers/sercom/sercom_interrupt.o
                0x00007a04                SERCOM2_Handler
 .text.SERCOM3_Handler
                0x00007a14       0x10 src/ASF/sam0/drivers/sercom/sercom_interrupt.o
                0x00007a14                SERCOM3_Handler
 .text.SERCOM4_Handler
                0x00007a24       0x10 src/ASF/sam0/drivers/sercom/sercom_interrupt.o
                0x00007a24                SERCOM4_Handler
 .text.SERCOM5_Handler
                0x00007a34       0x10 src/ASF/sam0/drivers/sercom/sercom_interrupt.o
                0x00007a34                SERCOM5_Handler
 .text.spi_init
                0x00007a44      0x41c src/ASF/sam0/drivers/sercom/spi/spi.o
                0x00007a44                spi_init
 .text.spi_select_slave
                0x00007e60       0xd4 src/ASF/sam0/drivers/sercom/spi/spi.o
                0x00007e60                spi_select_slave
 .text.usart_init
                0x00007f34      0x334 src/ASF/sam0/drivers/sercom/usart/usart.o
                0x00007f34                usart_init
 .text.usart_write_wait
                0x00008268       0x24 src/ASF/sam0/drivers/sercom/usart/usart.o
                0x00008268                usart_write_wait
 .text.usart_read_wait
                0x0000828c       0x6c src/ASF/sam0/drivers/sercom/usart/usart.o
                0x0000828c                usart_read_wait
 .text.usart_read_buffer_wait
                0x000082f8      0x104 src/ASF/sam0/drivers/sercom/usart/usart.o
                0x000082f8                usart_read_buffer_wait
 .text._usart_interrupt_handler
                0x000083fc      0x190 src/ASF/sam0/drivers/sercom/usart/usart_interrupt.o
                0x000083fc                _usart_interrupt_handler
 .text.system_clock_source_get_hz
                0x0000858c       0x90 src/ASF/sam0/drivers/system/clock/clock_samd21_r21_da_ha1/clock.o
                0x0000858c                system_clock_source_get_hz
 .text.system_clock_source_dfll_set_config
                0x0000861c       0x7c src/ASF/sam0/drivers/system/clock/clock_samd21_r21_da_ha1/clock.o
                0x0000861c                system_clock_source_dfll_set_config
 .text.system_clock_init
                0x00008698      0x21c src/ASF/sam0/drivers/system/clock/clock_samd21_r21_da_ha1/clock.o
                0x00008698                system_clock_init
 .text.system_gclk_init
                0x000088b4       0x24 src/ASF/sam0/drivers/system/clock/clock_samd21_r21_da_ha1/gclk.o
                0x000088b4                system_gclk_init
 .text.system_gclk_gen_set_config
                0x000088d8       0xb4 src/ASF/sam0/drivers/system/clock/clock_samd21_r21_da_ha1/gclk.o
                0x000088d8                system_gclk_gen_set_config
 .text.system_gclk_gen_enable
                0x0000898c       0x40 src/ASF/sam0/drivers/system/clock/clock_samd21_r21_da_ha1/gclk.o
                0x0000898c                system_gclk_gen_enable
 .text.system_gclk_gen_get_hz
                0x000089cc       0x88 src/ASF/sam0/drivers/system/clock/clock_samd21_r21_da_ha1/gclk.o
                0x000089cc                system_gclk_gen_get_hz
 .text.system_gclk_chan_set_config
                0x00008a54       0x64 src/ASF/sam0/drivers/system/clock/clock_samd21_r21_da_ha1/gclk.o
                0x00008a54                system_gclk_chan_set_config
 .text.system_gclk_chan_enable
                0x00008ab8       0x30 src/ASF/sam0/drivers/system/clock/clock_samd21_r21_da_ha1/gclk.o
                0x00008ab8                system_gclk_chan_enable
 .text.system_gclk_chan_get_hz
                0x00008ae8       0x98 src/ASF/sam0/drivers/system/clock/clock_samd21_r21_da_ha1/gclk.o
                0x00008ae8                system_gclk_chan_get_hz
 .text.system_pinmux_pin_set_config
                0x00008b80       0xd0 src/ASF/sam0/drivers/system/pinmux/pinmux.o
                0x00008b80                system_pinmux_pin_set_config
 .text._system_dummy_init
                0x00008c50        0x4 src/ASF/sam0/drivers/system/system.o
                0x00008c50                _system_events_init
                0x00008c50                _system_dummy_init
                0x00008c50                _system_divas_init
 .text.system_init
                0x00008c54       0x2c src/ASF/sam0/drivers/system/system.o
                0x00008c54                system_init
 .text.tc_register_callback
                0x00008c80       0x34 src/ASF/sam0/drivers/tc/tc_interrupt.o
                0x00008c80                tc_register_callback
 .text.TC3_Handler
                0x00008cb4       0x60 src/ASF/sam0/drivers/tc/tc_interrupt.o
                0x00008cb4                TC3_Handler
 .text.TC4_Handler
                0x00008d14       0x60 src/ASF/sam0/drivers/tc/tc_interrupt.o
                0x00008d14                TC4_Handler
 .text.TC5_Handler
                0x00008d74       0x60 src/ASF/sam0/drivers/tc/tc_interrupt.o
                0x00008d74                TC5_Handler
 .text._tc_get_inst_index
                0x00008dd4       0x40 src/ASF/sam0/drivers/tc/tc_sam_d_r_h/tc.o
                0x00008dd4                _tc_get_inst_index
 .text.tc_init  0x00008e14      0x2c0 src/ASF/sam0/drivers/tc/tc_sam_d_r_h/tc.o
                0x00008e14                tc_init
 .text.tc_get_count_value
                0x000090d4       0x2c src/ASF/sam0/drivers/tc/tc_sam_d_r_h/tc.o
                0x000090d4                tc_get_count_value
 .text.tc_set_compare_value
                0x00009100       0x50 src/ASF/sam0/drivers/tc/tc_sam_d_r_h/tc.o
                0x00009100                tc_set_compare_value
 .text.Dummy_Handler
                0x00009150        0x4 src/ASF/sam0/utils/cmsis/samr21/source/gcc/startup_samr21.o
                0x00009150                DMAC_Handler
                0x00009150                HardFault_Handler
                0x00009150                AC_Handler
                0x00009150                SysTick_Handler
                0x00009150                PendSV_Handler
                0x00009150                NMI_Handler
                0x00009150                ADC_Handler
                0x00009150                TCC1_Handler
                0x00009150                TCC0_Handler
                0x00009150                RTC_Handler
                0x00009150                WDT_Handler
                0x00009150                USB_Handler
                0x00009150                Dummy_Handler
                0x00009150                PM_Handler
                0x00009150                SVC_Handler
                0x00009150                TCC2_Handler
                0x00009150                EVSYS_Handler
                0x00009150                NVMCTRL_Handler
                0x00009150                PTC_Handler
                0x00009150                SYSCTRL_Handler
 .text.Reset_Handler
                0x00009154       0xd4 src/ASF/sam0/utils/cmsis/samr21/source/gcc/startup_samr21.o
                0x00009154                Reset_Handler
 .text._read    0x00009228       0x44 src/ASF/sam0/utils/stdio/read.o
                0x00009228                _read
 .text._write   0x0000926c       0x48 src/ASF/sam0/utils/stdio/write.o
                0x0000926c                _write
 .text._sbrk    0x000092b4       0x1c src/ASF/sam0/utils/syscalls/gcc/syscalls.o
                0x000092b4                _sbrk
 .text._close   0x000092d0        0x8 src/ASF/sam0/utils/syscalls/gcc/syscalls.o
                0x000092d0                _close
 .text._fstat   0x000092d8        0xc src/ASF/sam0/utils/syscalls/gcc/syscalls.o
                0x000092d8                _fstat
 .text._isatty  0x000092e4        0x4 src/ASF/sam0/utils/syscalls/gcc/syscalls.o
                0x000092e4                _isatty
 .text._lseek   0x000092e8        0x4 src/ASF/sam0/utils/syscalls/gcc/syscalls.o
                0x000092e8                _lseek
 .text.usart_serial_getchar
                0x000092ec       0x28 src/ASF/thirdparty/wireless/addons/sio2host/uart/sio2host.o
 .text.usart_serial_putchar
                0x00009314       0x18 src/ASF/thirdparty/wireless/addons/sio2host/uart/sio2host.o
 .text.USART_HOST_ISR_VECT
                0x0000932c       0x58 src/ASF/thirdparty/wireless/addons/sio2host/uart/sio2host.o
                0x0000932c                USART_HOST_ISR_VECT
 .text.sio2host_init
                0x00009384      0x13c src/ASF/thirdparty/wireless/addons/sio2host/uart/sio2host.o
                0x00009384                sio2host_init
 .text.sio2host_rx
                0x000094c0       0x9c src/ASF/thirdparty/wireless/addons/sio2host/uart/sio2host.o
                0x000094c0                sio2host_rx
 .text.D_Nv_Init
                0x0000955c        0x4 src/ASF/thirdparty/wireless/miwi/services/pds/src/nv/D_Nv.o
                0x0000955c                D_Nv_Init
 .text.D_Nv_Read_Impl
                0x00009560       0x20 src/ASF/thirdparty/wireless/miwi/services/pds/src/nv/D_Nv.o
                0x00009560                D_Nv_Read_Impl
 .text.D_Nv_Write_Impl
                0x00009580       0xe8 src/ASF/thirdparty/wireless/miwi/services/pds/src/nv/D_Nv.o
                0x00009580                D_Nv_Write_Impl
 .text.D_Nv_EraseSector_Impl
                0x00009668       0x2c src/ASF/thirdparty/wireless/miwi/services/pds/src/nv/D_Nv.o
                0x00009668                D_Nv_EraseSector_Impl
 .text.D_Nv_IsEmpty_Impl
                0x00009694       0x60 src/ASF/thirdparty/wireless/miwi/services/pds/src/nv/D_Nv.o
                0x00009694                D_Nv_IsEmpty_Impl
 .text.D_Nv_IsEqual_Impl
                0x000096f4       0x70 src/ASF/thirdparty/wireless/miwi/services/pds/src/nv/D_Nv.o
                0x000096f4                D_Nv_IsEqual_Impl
 .text.eraseSectorTimerFired
                0x00009764       0x28 src/ASF/thirdparty/wireless/miwi/services/pds/src/nv/S_Nv-SamR21.o
 .text.ComputeDataCrc
                0x0000978c      0x168 src/ASF/thirdparty/wireless/miwi/services/pds/src/nv/S_Nv-SamR21.o
 .text.WriteSectorHeader
                0x000098f4       0xa0 src/ASF/thirdparty/wireless/miwi/services/pds/src/nv/S_Nv-SamR21.o
 .text.WriteDataBlockAndHeader
                0x00009994      0x1cc src/ASF/thirdparty/wireless/miwi/services/pds/src/nv/S_Nv-SamR21.o
 .text.CompactSector
                0x00009b60      0x620 src/ASF/thirdparty/wireless/miwi/services/pds/src/nv/S_Nv-SamR21.o
 .text.compactSectorTimerFired
                0x0000a180       0x20 src/ASF/thirdparty/wireless/miwi/services/pds/src/nv/S_Nv-SamR21.o
 .text.CompactItem.part.4
                0x0000a1a0      0x398 src/ASF/thirdparty/wireless/miwi/services/pds/src/nv/S_Nv-SamR21.o
 .text.compactItemTimerFired
                0x0000a538       0x90 src/ASF/thirdparty/wireless/miwi/services/pds/src/nv/S_Nv-SamR21.o
 .text.S_Nv_EarlyInit
                0x0000a5c8      0xd14 src/ASF/thirdparty/wireless/miwi/services/pds/src/nv/S_Nv-SamR21.o
                0x0000a5c8                S_Nv_EarlyInit
 .text.S_Nv_Init
                0x0000b2dc       0x34 src/ASF/thirdparty/wireless/miwi/services/pds/src/nv/S_Nv-SamR21.o
                0x0000b2dc                S_Nv_Init
 .text.S_Nv_ItemInit_Impl
                0x0000b310      0x2ac src/ASF/thirdparty/wireless/miwi/services/pds/src/nv/S_Nv-SamR21.o
                0x0000b310                S_Nv_ItemInit_Impl
 .text.S_Nv_Write_Impl
                0x0000b5bc      0x17c src/ASF/thirdparty/wireless/miwi/services/pds/src/nv/S_Nv-SamR21.o
                0x0000b5bc                S_Nv_Write_Impl
 .text.S_Nv_ItemLength_Impl
                0x0000b738       0x60 src/ASF/thirdparty/wireless/miwi/services/pds/src/nv/S_Nv-SamR21.o
                0x0000b738                S_Nv_ItemLength_Impl
 .text.S_Nv_IsItemAvailable_Impl
                0x0000b798       0x44 src/ASF/thirdparty/wireless/miwi/services/pds/src/nv/S_Nv-SamR21.o
                0x0000b798                S_Nv_IsItemAvailable_Impl
 .text.PDS_Restore
                0x0000b7dc      0x154 src/ASF/thirdparty/wireless/miwi/services/pds/src/wl/wlPdsDataServer.o
                0x0000b7dc                PDS_Restore
 .text.PDS_Store
                0x0000b930       0xbc src/ASF/thirdparty/wireless/miwi/services/pds/src/wl/wlPdsDataServer.o
                0x0000b930                PDS_Store
 .text.pdsStoreItemTaskHandler
                0x0000b9ec      0x1e0 src/ASF/thirdparty/wireless/miwi/services/pds/src/wl/wlPdsDataServer.o
                0x0000b9ec                pdsStoreItemTaskHandler
 .text.PDS_IsAbleToRestore
                0x0000bbcc      0x21c src/ASF/thirdparty/wireless/miwi/services/pds/src/wl/wlPdsDataServer.o
                0x0000bbcc                PDS_IsAbleToRestore
 .text.PDS_Init
                0x0000bde8       0x14 src/ASF/thirdparty/wireless/miwi/services/pds/src/wl/wlPdsInit.o
                0x0000bde8                PDS_Init
 .text.PDS_InitItems
                0x0000bdfc       0x3c src/ASF/thirdparty/wireless/miwi/services/pds/src/wl/wlPdsInit.o
                0x0000bdfc                PDS_InitItems
 .text.pdsPostTask
                0x0000be38       0x14 src/ASF/thirdparty/wireless/miwi/services/pds/src/wl/wlPdsTaskManager.o
                0x0000be38                pdsPostTask
 .text.PDS_TaskHandler
                0x0000be4c       0x38 src/ASF/thirdparty/wireless/miwi/services/pds/src/wl/wlPdsTaskManager.o
                0x0000be4c                PDS_TaskHandler
 .text.fillGeneralInformation
                0x0000be84       0x58 src/ASF/thirdparty/wireless/miwi/services/pds/src/wl/wlPdsTypesConverter.o
                0x0000be84                fillGeneralInformation
 .text.pdsUpdateMemory
                0x0000bedc      0x1dc src/ASF/thirdparty/wireless/miwi/services/pds/src/wl/wlPdsTypesConverter.o
                0x0000bedc                pdsUpdateMemory
 .text.pdsGetItemDescr
                0x0000c0b8      0x134 src/ASF/thirdparty/wireless/miwi/services/pds/src/wl/wlPdsTypesConverter.o
                0x0000c0b8                pdsGetItemDescr
 .text.pdsGetDirDescr
                0x0000c1ec       0x34 src/ASF/thirdparty/wireless/miwi/services/pds/src/wl/wlPdsTypesConverter.o
                0x0000c1ec                pdsGetDirDescr
 .text.PHY_DataConf
                0x0000c220       0x14 src/ASF/thirdparty/wireless/miwi/source/mimac/mimac_at86rf.o
                0x0000c220                PHY_DataConf
 .text.MiMAC_SetAltAddress
                0x0000c234       0x38 src/ASF/thirdparty/wireless/miwi/source/mimac/mimac_at86rf.o
                0x0000c234                MiMAC_SetAltAddress
 .text.MiMAC_PowerState
                0x0000c26c       0x28 src/ASF/thirdparty/wireless/miwi/source/mimac/mimac_at86rf.o
                0x0000c26c                MiMAC_PowerState
 .text.MiMAC_Set
                0x0000c294       0x28 src/ASF/thirdparty/wireless/miwi/source/mimac/mimac_at86rf.o
                0x0000c294                MiMAC_Set
 .text.MiMAC_Init
                0x0000c2bc       0x64 src/ASF/thirdparty/wireless/miwi/source/mimac/mimac_at86rf.o
                0x0000c2bc                MiMAC_Init
 .text.MiMAC_SendPacket
                0x0000c320      0x2f4 src/ASF/thirdparty/wireless/miwi/source/mimac/mimac_at86rf.o
                0x0000c320                MiMAC_SendPacket
 .text.MiMAC_DiscardPacket
                0x0000c614       0x1c src/ASF/thirdparty/wireless/miwi/source/mimac/mimac_at86rf.o
                0x0000c614                MiMAC_DiscardPacket
 .text.MiMAC_ReceivedPacket
                0x0000c630      0x2dc src/ASF/thirdparty/wireless/miwi/source/mimac/mimac_at86rf.o
                0x0000c630                MiMAC_ReceivedPacket
 .text.MiMAC_ChannelAssessment
                0x0000c90c       0x18 src/ASF/thirdparty/wireless/miwi/source/mimac/mimac_at86rf.o
                0x0000c90c                MiMAC_ChannelAssessment
 .text.MiMAC_SymbolToTicks
                0x0000c924        0x4 src/ASF/thirdparty/wireless/miwi/source/mimac/mimac_at86rf.o
                0x0000c924                MiMAC_SymbolToTicks
 .text.MiMAC_GetPHYChannelInfo
                0x0000c928        0x8 src/ASF/thirdparty/wireless/miwi/source/mimac/mimac_at86rf.o
                0x0000c928                MiMAC_GetPHYChannelInfo
 .text.MiMAC_Task
                0x0000c930       0x44 src/ASF/thirdparty/wireless/miwi/source/mimac/mimac_at86rf.o
                0x0000c930                MiMAC_Task
 .text.PHY_DataReq
                0x0000c974       0x3c src/ASF/thirdparty/wireless/miwi/source/mimac/phy/at86rf233/phy.o
                0x0000c974                PHY_DataReq
 .text.PHY_RandomReq
                0x0000c9b0      0x114 src/ASF/thirdparty/wireless/miwi/source/mimac/phy/at86rf233/phy.o
                0x0000c9b0                PHY_RandomReq
 .text.PHY_Init
                0x0000cac4       0x54 src/ASF/thirdparty/wireless/miwi/source/mimac/phy/at86rf233/phy.o
                0x0000cac4                PHY_Init
 .text.PHY_SetRxState
                0x0000cb18       0xa8 src/ASF/thirdparty/wireless/miwi/source/mimac/phy/at86rf233/phy.o
                0x0000cb18                PHY_SetRxState
 .text.PHY_SetChannel
                0x0000cbc0       0xcc src/ASF/thirdparty/wireless/miwi/source/mimac/phy/at86rf233/phy.o
                0x0000cbc0                PHY_SetChannel
 .text.PHY_SetPanId
                0x0000cc8c       0x20 src/ASF/thirdparty/wireless/miwi/source/mimac/phy/at86rf233/phy.o
                0x0000cc8c                PHY_SetPanId
 .text.PHY_SetShortAddr
                0x0000ccac       0x2c src/ASF/thirdparty/wireless/miwi/source/mimac/phy/at86rf233/phy.o
                0x0000ccac                PHY_SetShortAddr
 .text.PHY_Sleep
                0x0000ccd8       0x50 src/ASF/thirdparty/wireless/miwi/source/mimac/phy/at86rf233/phy.o
                0x0000ccd8                PHY_Sleep
 .text.PHY_Wakeup
                0x0000cd28       0x9c src/ASF/thirdparty/wireless/miwi/source/mimac/phy/at86rf233/phy.o
                0x0000cd28                PHY_Wakeup
 .text.PHY_EdReq
                0x0000cdc4      0x150 src/ASF/thirdparty/wireless/miwi/source/mimac/phy/at86rf233/phy.o
                0x0000cdc4                PHY_EdReq
 .text.PHY_SetIEEEAddr
                0x0000cf14       0x20 src/ASF/thirdparty/wireless/miwi/source/mimac/phy/at86rf233/phy.o
                0x0000cf14                PHY_SetIEEEAddr
 .text.PHY_TaskHandler
                0x0000cf34      0x260 src/ASF/thirdparty/wireless/miwi/source/mimac/phy/at86rf233/phy.o
                0x0000cf34                PHY_TaskHandler
 .text.stb_init
                0x0000d194        0xc src/ASF/thirdparty/wireless/miwi/source/stb/src/stb.o
                0x0000d194                stb_init
 .text.stb_ccm_secure
                0x0000d1a0      0x2bc src/ASF/thirdparty/wireless/miwi/source/stb/src/stb.o
                0x0000d1a0                stb_ccm_secure
 .text.compute_mic
                0x0000d45c      0x15c src/ASF/thirdparty/wireless/miwi/source/stb/src/stb_help.o
                0x0000d45c                compute_mic
 .text.encrypt_pldmic
                0x0000d5b8      0x1dc src/ASF/thirdparty/wireless/miwi/source/stb/src/stb_help.o
                0x0000d5b8                encrypt_pldmic
 .text.MiMem_Init
                0x0000d794       0x3c src/ASF/thirdparty/wireless/miwi/source/sys/mimem.o
                0x0000d794                MiMem_Init
 .text.MiMem_Alloc
                0x0000d7d0       0xc8 src/ASF/thirdparty/wireless/miwi/source/sys/mimem.o
                0x0000d7d0                MiMem_Alloc
 .text.MiMem_Free
                0x0000d898       0x74 src/ASF/thirdparty/wireless/miwi/source/sys/mimem.o
                0x0000d898                MiMem_Free
 .text.MiMem_PercentageOfFreeBuffers
                0x0000d90c       0x20 src/ASF/thirdparty/wireless/miwi/source/sys/mimem.o
                0x0000d90c                MiMem_PercentageOfFreeBuffers
 .text.miQueueInit
                0x0000d92c        0xc src/ASF/thirdparty/wireless/miwi/source/sys/miqueue.o
                0x0000d92c                miQueueInit
 .text.miQueueAppend
                0x0000d938       0x38 src/ASF/thirdparty/wireless/miwi/source/sys/miqueue.o
                0x0000d938                miQueueAppend
 .text.miQueueRemove
                0x0000d970       0x98 src/ASF/thirdparty/wireless/miwi/source/sys/miqueue.o
                0x0000d970                miQueueRemove
 .text.miQueueRead
                0x0000da08       0x4c src/ASF/thirdparty/wireless/miwi/source/sys/miqueue.o
                0x0000da08                miQueueRead
 .text.SYS_HwExpiry_Cb
                0x0000da54       0x20 src/ASF/thirdparty/wireless/miwi/source/sys/sysTimer.o
 .text.SYS_HwOverflow_Cb
                0x0000da74       0x24 src/ASF/thirdparty/wireless/miwi/source/sys/sysTimer.o
 .text.SYS_TimerInit
                0x0000da98       0x58 src/ASF/thirdparty/wireless/miwi/source/sys/sysTimer.o
                0x0000da98                SYS_TimerInit
 .text.SYS_TimerStart
                0x0000daf0       0x5c src/ASF/thirdparty/wireless/miwi/source/sys/sysTimer.o
                0x0000daf0                SYS_TimerStart
 .text.SYS_TimerStop
                0x0000db4c       0x3c src/ASF/thirdparty/wireless/miwi/source/sys/sysTimer.o
                0x0000db4c                SYS_TimerStop
 .text.SYS_TimerStarted
                0x0000db88       0x1c src/ASF/thirdparty/wireless/miwi/source/sys/sysTimer.o
                0x0000db88                SYS_TimerStarted
 .text.SYS_TimerTaskHandler
                0x0000dba4       0xc8 src/ASF/thirdparty/wireless/miwi/source/sys/sysTimer.o
                0x0000dba4                SYS_TimerTaskHandler
 .text.MiWi_TickGet
                0x0000dc6c       0x48 src/ASF/thirdparty/wireless/miwi/source/sys/sysTimer.o
                0x0000dc6c                MiWi_TickGet
 .text.MiWi_TickGetDiff
                0x0000dcb4        0xc src/ASF/thirdparty/wireless/miwi/source/sys/sysTimer.o
                0x0000dcb4                MiWi_TickGetDiff
 .text.tc_cca_callback
                0x0000dcc0        0xc src/ASF/thirdparty/wireless/services/common_hw_timer/sam0/hw_timer.o
 .text.tc_ovf_callback
                0x0000dccc        0xc src/ASF/thirdparty/wireless/services/common_hw_timer/sam0/hw_timer.o
 .text.tmr_read_count
                0x0000dcd8       0x14 src/ASF/thirdparty/wireless/services/common_hw_timer/sam0/hw_timer.o
                0x0000dcd8                tmr_read_count
 .text.tmr_disable_cc_interrupt
                0x0000dcec       0x14 src/ASF/thirdparty/wireless/services/common_hw_timer/sam0/hw_timer.o
                0x0000dcec                tmr_disable_cc_interrupt
 .text.tmr_enable_cc_interrupt
                0x0000dd00       0x40 src/ASF/thirdparty/wireless/services/common_hw_timer/sam0/hw_timer.o
                0x0000dd00                tmr_enable_cc_interrupt
 .text.tmr_write_cmpreg
                0x0000dd40       0x18 src/ASF/thirdparty/wireless/services/common_hw_timer/sam0/hw_timer.o
                0x0000dd40                tmr_write_cmpreg
 .text.tmr_init
                0x0000dd58      0x10c src/ASF/thirdparty/wireless/services/common_hw_timer/sam0/hw_timer.o
                0x0000dd58                tmr_init
 .text.edbg_eui_read_eui64
                0x0000de64      0x178 src/ASF/thirdparty/wireless/services/edbg_eui/edbg-eui.o
                0x0000de64                edbg_eui_read_eui64
 .text.nvm_init
                0x0000dfdc       0x38 src/ASF/thirdparty/wireless/services/nvm/sam0/sam_nvm.o
                0x0000dfdc                nvm_init
 .text.sal_init
                0x0000e014        0x4 src/ASF/thirdparty/wireless/services/sal/at86rf2xx/src/sal.o
                0x0000e014                sal_init
 .text.sal_aes_setup
                0x0000e018      0x17c src/ASF/thirdparty/wireless/services/sal/at86rf2xx/src/sal.o
                0x0000e018                sal_aes_setup
 .text.sal_aes_restart
                0x0000e194       0x50 src/ASF/thirdparty/wireless/services/sal/at86rf2xx/src/sal.o
                0x0000e194                sal_aes_restart
 .text._sal_aes_clean_up
                0x0000e1e4        0x4 src/ASF/thirdparty/wireless/services/sal/at86rf2xx/src/sal.o
                0x0000e1e4                _sal_aes_clean_up
 .text.sal_aes_wrrd
                0x0000e1e8       0x74 src/ASF/thirdparty/wireless/services/sal/at86rf2xx/src/sal.o
                0x0000e1e8                sal_aes_wrrd
 .text.sal_aes_read
                0x0000e25c       0x14 src/ASF/thirdparty/wireless/services/sal/at86rf2xx/src/sal.o
                0x0000e25c                sal_aes_read
 .text.AT86RFX_ISR
                0x0000e270       0x1c src/ASF/thirdparty/wireless/services/trx_access/trx_access.o
                0x0000e270                AT86RFX_ISR
 .text.trx_spi_init
                0x0000e28c      0x11c src/ASF/thirdparty/wireless/services/trx_access/trx_access.o
                0x0000e28c                trx_spi_init
 .text.PhyReset
                0x0000e3a8       0x30 src/ASF/thirdparty/wireless/services/trx_access/trx_access.o
                0x0000e3a8                PhyReset
 .text.trx_reg_read
                0x0000e3d8       0xfc src/ASF/thirdparty/wireless/services/trx_access/trx_access.o
                0x0000e3d8                trx_reg_read
 .text.trx_reg_write
                0x0000e4d4      0x10c src/ASF/thirdparty/wireless/services/trx_access/trx_access.o
                0x0000e4d4                trx_reg_write
 .text.trx_frame_read
                0x0000e5e0      0x13c src/ASF/thirdparty/wireless/services/trx_access/trx_access.o
                0x0000e5e0                trx_frame_read
 .text.trx_frame_write
                0x0000e71c      0x13c src/ASF/thirdparty/wireless/services/trx_access/trx_access.o
                0x0000e71c                trx_frame_write
 .text.trx_sram_write
                0x0000e858      0x188 src/ASF/thirdparty/wireless/services/trx_access/trx_access.o
                0x0000e858                trx_sram_write
 .text.trx_sram_read
                0x0000e9e0      0x190 src/ASF/thirdparty/wireless/services/trx_access/trx_access.o
                0x0000e9e0                trx_sram_read
 .text.trx_aes_wrrd
                0x0000eb70      0x21c src/ASF/thirdparty/wireless/services/trx_access/trx_access.o
                0x0000eb70                trx_aes_wrrd
 .text.ReadMacAddress
                0x0000ed8c       0x34 src/main.o
                0x0000ed8c                ReadMacAddress
 .text.startup.main
                0x0000edc0       0x60 src/main.o
                0x0000edc0                main
 .text.common_tc_read_count
                0x0000ee20       0x4c ../src/ASF/thirdparty/wireless/services/common_hw_timer/sam0/lib\libsam0_lib_hw_timer.a(common_hw_timer.o)
                0x0000ee20                common_tc_read_count
 .text.common_tc_delay
                0x0000ee6c       0x6c ../src/ASF/thirdparty/wireless/services/common_hw_timer/sam0/lib\libsam0_lib_hw_timer.a(common_hw_timer.o)
                0x0000ee6c                common_tc_delay
 .text.common_tc_init
                0x0000eed8       0x20 ../src/ASF/thirdparty/wireless/services/common_hw_timer/sam0/lib\libsam0_lib_hw_timer.a(common_hw_timer.o)
                0x0000eed8                common_tc_init
 .text.tmr_ovf_callback
                0x0000eef8       0x48 ../src/ASF/thirdparty/wireless/services/common_hw_timer/sam0/lib\libsam0_lib_hw_timer.a(common_hw_timer.o)
                0x0000eef8                tmr_ovf_callback
 .text.tmr_cca_callback
                0x0000ef40       0x1c ../src/ASF/thirdparty/wireless/services/common_hw_timer/sam0/lib\libsam0_lib_hw_timer.a(common_hw_timer.o)
                0x0000ef40                tmr_cca_callback
 .text.set_common_tc_overflow_callback
                0x0000ef5c        0xc ../src/ASF/thirdparty/wireless/services/common_hw_timer/sam0/lib\libsam0_lib_hw_timer.a(common_hw_timer.o)
                0x0000ef5c                set_common_tc_overflow_callback
 .text.set_common_tc_expiry_callback
                0x0000ef68        0xc ../src/ASF/thirdparty/wireless/services/common_hw_timer/sam0/lib\libsam0_lib_hw_timer.a(common_hw_timer.o)
                0x0000ef68                set_common_tc_expiry_callback
 .text.frameTxCallback
                0x0000ef74       0x3c ../src/ASF/thirdparty/wireless/miwi/source/miwi_mesh/sam0/gcc\libsam0_miwi_mesh_panc_sec.a(miwi_mesh.o)
 .text.nonAckDataCallback
                0x0000efb0       0x50 ../src/ASF/thirdparty/wireless/miwi/source/miwi_mesh/sam0/gcc\libsam0_miwi_mesh_panc_sec.a(miwi_mesh.o)
                0x0000efb0                nonAckDataCallback
 .text.dataTimerHandler
                0x0000f000      0x1bc ../src/ASF/thirdparty/wireless/miwi/source/miwi_mesh/sam0/gcc\libsam0_miwi_mesh_panc_sec.a(miwi_mesh.o)
 .text.ackReqDataConfcb
                0x0000f1bc      0x1f8 ../src/ASF/thirdparty/wireless/miwi/source/miwi_mesh/sam0/gcc\libsam0_miwi_mesh_panc_sec.a(miwi_mesh.o)
                0x0000f1bc                ackReqDataConfcb
 .text.MiApp_ProtocolInit
                0x0000f3b4      0x1c4 ../src/ASF/thirdparty/wireless/miwi/source/miwi_mesh/sam0/gcc\libsam0_miwi_mesh_panc_sec.a(miwi_mesh.o)
                0x0000f3b4                MiApp_ProtocolInit
 .text.MiApp_Set
                0x0000f578       0xd4 ../src/ASF/thirdparty/wireless/miwi/source/miwi_mesh/sam0/gcc\libsam0_miwi_mesh_panc_sec.a(miwi_mesh.o)
                0x0000f578                MiApp_Set
 .text.MeshTasks
                0x0000f64c       0xe0 ../src/ASF/thirdparty/wireless/miwi/source/miwi_mesh/sam0/gcc\libsam0_miwi_mesh_panc_sec.a(miwi_mesh.o)
                0x0000f64c                MeshTasks
 .text.MiApp_Get
                0x0000f72c       0x68 ../src/ASF/thirdparty/wireless/miwi/source/miwi_mesh/sam0/gcc\libsam0_miwi_mesh_panc_sec.a(miwi_mesh.o)
                0x0000f72c                MiApp_Get
 .text.MiApp_MeshGetNextHopAddr
                0x0000f794       0x20 ../src/ASF/thirdparty/wireless/miwi/source/miwi_mesh/sam0/gcc\libsam0_miwi_mesh_panc_sec.a(miwi_mesh.o)
                0x0000f794                MiApp_MeshGetNextHopAddr
 .text.calculateAckWaitTimeout
                0x0000f7b4       0x5c ../src/ASF/thirdparty/wireless/miwi/source/miwi_mesh/sam0/gcc\libsam0_miwi_mesh_panc_sec.a(miwi_mesh.o)
                0x0000f7b4                calculateAckWaitTimeout
 .text.MiApp_SendData
                0x0000f810      0x310 ../src/ASF/thirdparty/wireless/miwi/source/miwi_mesh/sam0/gcc\libsam0_miwi_mesh_panc_sec.a(miwi_mesh.o)
                0x0000f810                MiApp_SendData
 .text.bloomFilterAddressCheck
                0x0000fb20     0x106c ../src/ASF/thirdparty/wireless/miwi/source/miwi_mesh/sam0/gcc\libsam0_miwi_mesh_panc_sec.a(miwi_mesh_commissioning.o)
                0x0000fb20                bloomFilterAddressCheck
 .text.handleCommissiongMessage
                0x00010b8c       0x34 ../src/ASF/thirdparty/wireless/miwi/source/miwi_mesh/sam0/gcc\libsam0_miwi_mesh_panc_sec.a(miwi_mesh_commissioning.o)
                0x00010b8c                handleCommissiongMessage
 .text.nwkAckConfCb
                0x00010bc0       0x10 ../src/ASF/thirdparty/wireless/miwi/source/miwi_mesh/sam0/gcc\libsam0_miwi_mesh_panc_sec.a(miwi_mesh_frame.o)
 .text.channelUpdateTimerExpired
                0x00010bd0       0xe4 ../src/ASF/thirdparty/wireless/miwi/source/miwi_mesh/sam0/gcc\libsam0_miwi_mesh_panc_sec.a(miwi_mesh_frame.o)
                0x00010bd0                channelUpdateTimerExpired
 .text.memFreeConfcb
                0x00010cb4       0x10 ../src/ASF/thirdparty/wireless/miwi/source/miwi_mesh/sam0/gcc\libsam0_miwi_mesh_panc_sec.a(miwi_mesh_frame.o)
 .text.MiApp_SubscribeDataIndicationCallback
                0x00010cc4       0x14 ../src/ASF/thirdparty/wireless/miwi/source/miwi_mesh/sam0/gcc\libsam0_miwi_mesh_panc_sec.a(miwi_mesh_frame.o)
                0x00010cc4                MiApp_SubscribeDataIndicationCallback
 .text.prepareGenericHeader
                0x00010cd8       0x50 ../src/ASF/thirdparty/wireless/miwi/source/miwi_mesh/sam0/gcc\libsam0_miwi_mesh_panc_sec.a(miwi_mesh_frame.o)
                0x00010cd8                prepareGenericHeader
 .text.generalFrameConstruct
                0x00010d28       0x8c ../src/ASF/thirdparty/wireless/miwi/source/miwi_mesh/sam0/gcc\libsam0_miwi_mesh_panc_sec.a(miwi_mesh_frame.o)
                0x00010d28                generalFrameConstruct
 .text.frameTransmit
                0x00010db4      0x150 ../src/ASF/thirdparty/wireless/miwi/source/miwi_mesh/sam0/gcc\libsam0_miwi_mesh_panc_sec.a(miwi_mesh_frame.o)
                0x00010db4                frameTransmit
 .text.sendDataFrame
                0x00010f04      0x2f0 ../src/ASF/thirdparty/wireless/miwi/source/miwi_mesh/sam0/gcc\libsam0_miwi_mesh_panc_sec.a(miwi_mesh_frame.o)
                0x00010f04                sendDataFrame
 .text.addRebroadcastTableEntry
                0x000111f4       0x74 ../src/ASF/thirdparty/wireless/miwi/source/miwi_mesh/sam0/gcc\libsam0_miwi_mesh_panc_sec.a(miwi_mesh_frame.o)
                0x000111f4                addRebroadcastTableEntry
 .text.initRebroadcastTable
                0x00011268       0x30 ../src/ASF/thirdparty/wireless/miwi/source/miwi_mesh/sam0/gcc\libsam0_miwi_mesh_panc_sec.a(miwi_mesh_frame.o)
                0x00011268                initRebroadcastTable
 .text.rebroadcastTimerHandler
                0x00011298       0x60 ../src/ASF/thirdparty/wireless/miwi/source/miwi_mesh/sam0/gcc\libsam0_miwi_mesh_panc_sec.a(miwi_mesh_frame.o)
                0x00011298                rebroadcastTimerHandler
 .text.handleDataMessage
                0x000112f8      0x1f4 ../src/ASF/thirdparty/wireless/miwi/source/miwi_mesh/sam0/gcc\libsam0_miwi_mesh_panc_sec.a(miwi_mesh_frame.o)
                0x000112f8                handleDataMessage
 .text.indirectDataTimerHandler
                0x000114ec       0x7c ../src/ASF/thirdparty/wireless/miwi/source/miwi_mesh/sam0/gcc\libsam0_miwi_mesh_panc_sec.a(miwi_mesh_frame.o)
                0x000114ec                indirectDataTimerHandler
 .text.addDuplicateRejectionTableEntry
                0x00011568       0x8c ../src/ASF/thirdparty/wireless/miwi/source/miwi_mesh/sam0/gcc\libsam0_miwi_mesh_panc_sec.a(miwi_mesh_frame.o)
                0x00011568                addDuplicateRejectionTableEntry
 .text.frameParse
                0x000115f4      0x92c ../src/ASF/thirdparty/wireless/miwi/source/miwi_mesh/sam0/gcc\libsam0_miwi_mesh_panc_sec.a(miwi_mesh_frame.o)
                0x000115f4                frameParse
 .text.initDuplicateRejectionTable
                0x00011f20       0x30 ../src/ASF/thirdparty/wireless/miwi/source/miwi_mesh/sam0/gcc\libsam0_miwi_mesh_panc_sec.a(miwi_mesh_frame.o)
                0x00011f20                initDuplicateRejectionTable
 .text.duplicateRejectionTimerHandler
                0x00011f50       0x60 ../src/ASF/thirdparty/wireless/miwi/source/miwi_mesh/sam0/gcc\libsam0_miwi_mesh_panc_sec.a(miwi_mesh_frame.o)
                0x00011f50                duplicateRejectionTimerHandler
 .text.edScanDurationExpired
                0x00011fb0        0xc ../src/ASF/thirdparty/wireless/miwi/source/miwi_mesh/sam0/gcc\libsam0_miwi_mesh_panc_sec.a(miwi_mesh_join.o)
 .text.commandConfcb
                0x00011fbc       0x10 ../src/ASF/thirdparty/wireless/miwi/source/miwi_mesh/sam0/gcc\libsam0_miwi_mesh_panc_sec.a(miwi_mesh_join.o)
 .text.MiApp_NoiseDetection.part.0
                0x00011fcc      0x10c ../src/ASF/thirdparty/wireless/miwi/source/miwi_mesh/sam0/gcc\libsam0_miwi_mesh_panc_sec.a(miwi_mesh_join.o)
 .text.assignAddress
                0x000120d8      0x370 ../src/ASF/thirdparty/wireless/miwi/source/miwi_mesh/sam0/gcc\libsam0_miwi_mesh_panc_sec.a(miwi_mesh_join.o)
 .text.MiApp_StartConnection
                0x00012448      0x100 ../src/ASF/thirdparty/wireless/miwi/source/miwi_mesh/sam0/gcc\libsam0_miwi_mesh_panc_sec.a(miwi_mesh_join.o)
                0x00012448                MiApp_StartConnection
 .text.calculatePermitCapacity
                0x00012548      0x1cc ../src/ASF/thirdparty/wireless/miwi/source/miwi_mesh/sam0/gcc\libsam0_miwi_mesh_panc_sec.a(miwi_mesh_join.o)
                0x00012548                calculatePermitCapacity
 .text.handleJoinMessage
                0x00012714      0x49c ../src/ASF/thirdparty/wireless/miwi/source/miwi_mesh/sam0/gcc\libsam0_miwi_mesh_panc_sec.a(miwi_mesh_join.o)
                0x00012714                handleJoinMessage
 .text.coordinatorTableInit
                0x00012bb0       0x60 ../src/ASF/thirdparty/wireless/miwi/source/miwi_mesh/sam0/gcc\libsam0_miwi_mesh_panc_sec.a(miwi_mesh_join.o)
                0x00012bb0                coordinatorTableInit
 .text.deviceTableInit
                0x00012c10       0xb0 ../src/ASF/thirdparty/wireless/miwi/source/miwi_mesh/sam0/gcc\libsam0_miwi_mesh_panc_sec.a(miwi_mesh_join.o)
                0x00012c10                deviceTableInit
 .text.sendForceLeaveNetwork
                0x00012cc0       0x88 ../src/ASF/thirdparty/wireless/miwi/source/miwi_mesh/sam0/gcc\libsam0_miwi_mesh_panc_sec.a(miwi_mesh_join.o)
                0x00012cc0                sendForceLeaveNetwork
 .text.isCorrectIeeeAddr
                0x00012d48       0x40 ../src/ASF/thirdparty/wireless/miwi/source/miwi_mesh/sam0/gcc\libsam0_miwi_mesh_panc_sec.a(miwi_mesh_join.o)
                0x00012d48                isCorrectIeeeAddr
 .text.keepAliveTimerHandler
                0x00012d88      0x17c ../src/ASF/thirdparty/wireless/miwi/source/miwi_mesh/sam0/gcc\libsam0_miwi_mesh_panc_sec.a(miwi_mesh_join.o)
                0x00012d88                keepAliveTimerHandler
 .text.MiApp_SubscribeReConnectionCallback
                0x00012f04       0x14 ../src/ASF/thirdparty/wireless/miwi/source/miwi_mesh/sam0/gcc\libsam0_miwi_mesh_panc_sec.a(miwi_mesh_join.o)
                0x00012f04                MiApp_SubscribeReConnectionCallback
 .text.routeReplyConfcb
                0x00012f18       0x10 ../src/ASF/thirdparty/wireless/miwi/source/miwi_mesh/sam0/gcc\libsam0_miwi_mesh_panc_sec.a(miwi_mesh_routing.o)
 .text.routeUpdateConfcb
                0x00012f28       0x20 ../src/ASF/thirdparty/wireless/miwi/source/miwi_mesh/sam0/gcc\libsam0_miwi_mesh_panc_sec.a(miwi_mesh_routing.o)
 .text.routeReqConfcb
                0x00012f48       0x10 ../src/ASF/thirdparty/wireless/miwi/source/miwi_mesh/sam0/gcc\libsam0_miwi_mesh_panc_sec.a(miwi_mesh_routing.o)
 .text.initRouteTable
                0x00012f58       0x70 ../src/ASF/thirdparty/wireless/miwi/source/miwi_mesh/sam0/gcc\libsam0_miwi_mesh_panc_sec.a(miwi_mesh_routing.o)
                0x00012f58                initRouteTable
 .text.addRoute
                0x00012fc8       0xd0 ../src/ASF/thirdparty/wireless/miwi/source/miwi_mesh/sam0/gcc\libsam0_miwi_mesh_panc_sec.a(miwi_mesh_routing.o)
                0x00012fc8                addRoute
 .text.handleRouteMessage
                0x00013098      0x348 ../src/ASF/thirdparty/wireless/miwi/source/miwi_mesh/sam0/gcc\libsam0_miwi_mesh_panc_sec.a(miwi_mesh_routing.o)
                0x00013098                handleRouteMessage
 .text.removeRoute
                0x000133e0       0x6c ../src/ASF/thirdparty/wireless/miwi/source/miwi_mesh/sam0/gcc\libsam0_miwi_mesh_panc_sec.a(miwi_mesh_routing.o)
                0x000133e0                removeRoute
 .text.getNextHopAddr
                0x0001344c       0x28 ../src/ASF/thirdparty/wireless/miwi/source/miwi_mesh/sam0/gcc\libsam0_miwi_mesh_panc_sec.a(miwi_mesh_routing.o)
                0x0001344c                getNextHopAddr
 .text.routeTimerHandler
                0x00013474      0x214 ../src/ASF/thirdparty/wireless/miwi/source/miwi_mesh/sam0/gcc\libsam0_miwi_mesh_panc_sec.a(miwi_mesh_routing.o)
                0x00013474                routeTimerHandler
 .text.initiateRouteReq
                0x00013688       0xc8 ../src/ASF/thirdparty/wireless/miwi/source/miwi_mesh/sam0/gcc\libsam0_miwi_mesh_panc_sec.a(miwi_mesh_routing.o)
                0x00013688                initiateRouteReq
 .text.keyDetermineProcedure
                0x00013750       0x24 ../src/ASF/thirdparty/wireless/miwi/source/miwi_mesh/sam0/gcc\libsam0_miwi_mesh_panc_sec.a(miwi_mesh_security.o)
                0x00013750                keyDetermineProcedure
 .text.secureFrame
                0x00013774      0x120 ../src/ASF/thirdparty/wireless/miwi/source/miwi_mesh/sam0/gcc\libsam0_miwi_mesh_panc_sec.a(miwi_mesh_security.o)
                0x00013774                secureFrame
 .text.unsecureFrame
                0x00013894       0xb8 ../src/ASF/thirdparty/wireless/miwi/source/miwi_mesh/sam0/gcc\libsam0_miwi_mesh_panc_sec.a(miwi_mesh_security.o)
                0x00013894                unsecureFrame
 .text          0x0001394c      0x114 c:/program files (x86)/atmel/studio/7.0/toolchain/arm/arm-gnu-toolchain/bin/../lib/gcc/arm-none-eabi/6.3.1/thumb/v6-m\libgcc.a(_udivsi3.o)
                0x0001394c                __aeabi_uidiv
                0x0001394c                __udivsi3
                0x00013a58                __aeabi_uidivmod
 .text          0x00013a60      0x1d4 c:/program files (x86)/atmel/studio/7.0/toolchain/arm/arm-gnu-toolchain/bin/../lib/gcc/arm-none-eabi/6.3.1/thumb/v6-m\libgcc.a(_divsi3.o)
                0x00013a60                __divsi3
                0x00013a60                __aeabi_idiv
                0x00013c2c                __aeabi_idivmod
 .text          0x00013c34        0x4 c:/program files (x86)/atmel/studio/7.0/toolchain/arm/arm-gnu-toolchain/bin/../lib/gcc/arm-none-eabi/6.3.1/thumb/v6-m\libgcc.a(_dvmd_tls.o)
                0x00013c34                __aeabi_idiv0
                0x00013c34                __aeabi_ldiv0
 .text          0x00013c38       0x74 c:/program files (x86)/atmel/studio/7.0/toolchain/arm/arm-gnu-toolchain/bin/../lib/gcc/arm-none-eabi/6.3.1/thumb/v6-m\libgcc.a(_arm_cmpsf2.o)
                0x00013c38                __aeabi_cfrcmple
                0x00013c40                __aeabi_cfcmpeq
                0x00013c40                __aeabi_cfcmple
                0x00013c50                __aeabi_fcmpeq
                0x00013c5c                __aeabi_fcmplt
                0x00013c70                __aeabi_fcmple
                0x00013c84                __aeabi_fcmpgt
                0x00013c98                __aeabi_fcmpge
 .text          0x00013cac       0x54 c:/program files (x86)/atmel/studio/7.0/toolchain/arm/arm-gnu-toolchain/bin/../lib/gcc/arm-none-eabi/6.3.1/thumb/v6-m\libgcc.a(_muldi3.o)
                0x00013cac                __muldi3
                0x00013cac                __aeabi_lmul
 .text          0x00013d00       0x30 c:/program files (x86)/atmel/studio/7.0/toolchain/arm/arm-gnu-toolchain/bin/../lib/gcc/arm-none-eabi/6.3.1/thumb/v6-m\libgcc.a(_fixunssfsi.o)
                0x00013d00                __fixunssfsi
                0x00013d00                __aeabi_f2uiz
 .text          0x00013d30      0x324 c:/program files (x86)/atmel/studio/7.0/toolchain/arm/arm-gnu-toolchain/bin/../lib/gcc/arm-none-eabi/6.3.1/thumb/v6-m\libgcc.a(addsf3.o)
                0x00013d30                __aeabi_fadd
 .text          0x00014054      0x290 c:/program files (x86)/atmel/studio/7.0/toolchain/arm/arm-gnu-toolchain/bin/../lib/gcc/arm-none-eabi/6.3.1/thumb/v6-m\libgcc.a(divsf3.o)
                0x00014054                __aeabi_fdiv
 .text          0x000142e4       0x4c c:/program files (x86)/atmel/studio/7.0/toolchain/arm/arm-gnu-toolchain/bin/../lib/gcc/arm-none-eabi/6.3.1/thumb/v6-m\libgcc.a(eqsf2.o)
                0x000142e4                __eqsf2
                0x000142e4                __nesf2
 .text          0x00014330       0x80 c:/program files (x86)/atmel/studio/7.0/toolchain/arm/arm-gnu-toolchain/bin/../lib/gcc/arm-none-eabi/6.3.1/thumb/v6-m\libgcc.a(gesf2.o)
                0x00014330                __gesf2
                0x00014330                __gtsf2
 .text          0x000143b0       0x84 c:/program files (x86)/atmel/studio/7.0/toolchain/arm/arm-gnu-toolchain/bin/../lib/gcc/arm-none-eabi/6.3.1/thumb/v6-m\libgcc.a(lesf2.o)
                0x000143b0                __ltsf2
                0x000143b0                __lesf2
 .text          0x00014434      0x338 c:/program files (x86)/atmel/studio/7.0/toolchain/arm/arm-gnu-toolchain/bin/../lib/gcc/arm-none-eabi/6.3.1/thumb/v6-m\libgcc.a(subsf3.o)
                0x00014434                __aeabi_fsub
 .text          0x0001476c       0x40 c:/program files (x86)/atmel/studio/7.0/toolchain/arm/arm-gnu-toolchain/bin/../lib/gcc/arm-none-eabi/6.3.1/thumb/v6-m\libgcc.a(fixsfsi.o)
                0x0001476c                __aeabi_f2iz
 .text          0x000147ac       0x8c c:/program files (x86)/atmel/studio/7.0/toolchain/arm/arm-gnu-toolchain/bin/../lib/gcc/arm-none-eabi/6.3.1/thumb/v6-m\libgcc.a(floatunsisf.o)
                0x000147ac                __aeabi_ui2f
 .text          0x00014838      0x620 c:/program files (x86)/atmel/studio/7.0/toolchain/arm/arm-gnu-toolchain/bin/../lib/gcc/arm-none-eabi/6.3.1/thumb/v6-m\libgcc.a(adddf3.o)
                0x00014838                __aeabi_dadd
 .text          0x00014e58      0x668 c:/program files (x86)/atmel/studio/7.0/toolchain/arm/arm-gnu-toolchain/bin/../lib/gcc/arm-none-eabi/6.3.1/thumb/v6-m\libgcc.a(divdf3.o)
                0x00014e58                __aeabi_ddiv
 .text          0x000154c0      0x500 c:/program files (x86)/atmel/studio/7.0/toolchain/arm/arm-gnu-toolchain/bin/../lib/gcc/arm-none-eabi/6.3.1/thumb/v6-m\libgcc.a(muldf3.o)
                0x000154c0                __aeabi_dmul
 .text          0x000159c0      0x62c c:/program files (x86)/atmel/studio/7.0/toolchain/arm/arm-gnu-toolchain/bin/../lib/gcc/arm-none-eabi/6.3.1/thumb/v6-m\libgcc.a(subdf3.o)
                0x000159c0                __aeabi_dsub
 .text          0x00015fec       0x68 c:/program files (x86)/atmel/studio/7.0/toolchain/arm/arm-gnu-toolchain/bin/../lib/gcc/arm-none-eabi/6.3.1/thumb/v6-m\libgcc.a(fixdfsi.o)
                0x00015fec                __aeabi_d2iz
 .text          0x00016054       0x70 c:/program files (x86)/atmel/studio/7.0/toolchain/arm/arm-gnu-toolchain/bin/../lib/gcc/arm-none-eabi/6.3.1/thumb/v6-m\libgcc.a(floatunsidf.o)
                0x00016054                __aeabi_ui2d
 .text          0x000160c4       0x3c c:/program files (x86)/atmel/studio/7.0/toolchain/arm/arm-gnu-toolchain/bin/../lib/gcc/arm-none-eabi/6.3.1/thumb/v6-m\libgcc.a(_clzsi2.o)
                0x000160c4                __clzsi2
 .text.atoi     0x00016100        0xc c:/program files (x86)/atmel/studio/7.0/toolchain/arm/arm-gnu-toolchain/bin/../lib/gcc/arm-none-eabi/6.3.1/../../../../arm-none-eabi/lib/thumb/v6-m\libc_nano.a(lib_a-atoi.o)
                0x00016100                atoi
 .text.__libc_init_array
                0x0001610c       0x48 c:/program files (x86)/atmel/studio/7.0/toolchain/arm/arm-gnu-toolchain/bin/../lib/gcc/arm-none-eabi/6.3.1/../../../../arm-none-eabi/lib/thumb/v6-m\libc_nano.a(lib_a-init.o)
                0x0001610c                __libc_init_array
 .text.memcmp   0x00016154       0x1e c:/program files (x86)/atmel/studio/7.0/toolchain/arm/arm-gnu-toolchain/bin/../lib/gcc/arm-none-eabi/6.3.1/../../../../arm-none-eabi/lib/thumb/v6-m\libc_nano.a(lib_a-memcmp.o)
                0x00016154                memcmp
 .text.memcpy   0x00016172       0x12 c:/program files (x86)/atmel/studio/7.0/toolchain/arm/arm-gnu-toolchain/bin/../lib/gcc/arm-none-eabi/6.3.1/../../../../arm-none-eabi/lib/thumb/v6-m\libc_nano.a(lib_a-memcpy-stub.o)
                0x00016172                memcpy
 .text.memset   0x00016184       0x10 c:/program files (x86)/atmel/studio/7.0/toolchain/arm/arm-gnu-toolchain/bin/../lib/gcc/arm-none-eabi/6.3.1/../../../../arm-none-eabi/lib/thumb/v6-m\libc_nano.a(lib_a-memset.o)
                0x00016184                memset
 .text.printf   0x00016194       0x34 c:/program files (x86)/atmel/studio/7.0/toolchain/arm/arm-gnu-toolchain/bin/../lib/gcc/arm-none-eabi/6.3.1/../../../../arm-none-eabi/lib/thumb/v6-m\libc_nano.a(lib_a-printf.o)
                0x00016194                iprintf
                0x00016194                printf
 .text.srand    0x000161c8       0x5c c:/program files (x86)/atmel/studio/7.0/toolchain/arm/arm-gnu-toolchain/bin/../lib/gcc/arm-none-eabi/6.3.1/../../../../arm-none-eabi/lib/thumb/v6-m\libc_nano.a(lib_a-rand.o)
                0x000161c8                srand
 .text.rand     0x00016224       0x78 c:/program files (x86)/atmel/studio/7.0/toolchain/arm/arm-gnu-toolchain/bin/../lib/gcc/arm-none-eabi/6.3.1/../../../../arm-none-eabi/lib/thumb/v6-m\libc_nano.a(lib_a-rand.o)
                0x00016224                rand
 .text.setbuf   0x0001629c       0x12 c:/program files (x86)/atmel/studio/7.0/toolchain/arm/arm-gnu-toolchain/bin/../lib/gcc/arm-none-eabi/6.3.1/../../../../arm-none-eabi/lib/thumb/v6-m\libc_nano.a(lib_a-setbuf.o)
                0x0001629c                setbuf
 *fill*         0x000162ae        0x2 ffffffff
 .text.setvbuf  0x000162b0      0x158 c:/program files (x86)/atmel/studio/7.0/toolchain/arm/arm-gnu-toolchain/bin/../lib/gcc/arm-none-eabi/6.3.1/../../../../arm-none-eabi/lib/thumb/v6-m\libc_nano.a(lib_a-setvbuf.o)
                0x000162b0                setvbuf
 .text._strtol_l.isra.0
                0x00016408      0x10c c:/program files (x86)/atmel/studio/7.0/toolchain/arm/arm-gnu-toolchain/bin/../lib/gcc/arm-none-eabi/6.3.1/../../../../arm-none-eabi/lib/thumb/v6-m\libc_nano.a(lib_a-strtol.o)
 .text.strtol   0x00016514       0x28 c:/program files (x86)/atmel/studio/7.0/toolchain/arm/arm-gnu-toolchain/bin/../lib/gcc/arm-none-eabi/6.3.1/../../../../arm-none-eabi/lib/thumb/v6-m\libc_nano.a(lib_a-strtol.o)
                0x00016514                strtol
 .text.__sflush_r
                0x0001653c      0x114 c:/program files (x86)/atmel/studio/7.0/toolchain/arm/arm-gnu-toolchain/bin/../lib/gcc/arm-none-eabi/6.3.1/../../../../arm-none-eabi/lib/thumb/v6-m\libc_nano.a(lib_a-fflush.o)
                0x0001653c                __sflush_r
 .text._fflush_r
                0x00016650       0x58 c:/program files (x86)/atmel/studio/7.0/toolchain/arm/arm-gnu-toolchain/bin/../lib/gcc/arm-none-eabi/6.3.1/../../../../arm-none-eabi/lib/thumb/v6-m\libc_nano.a(lib_a-fflush.o)
                0x00016650                _fflush_r
 .text._cleanup_r
                0x000166a8       0x10 c:/program files (x86)/atmel/studio/7.0/toolchain/arm/arm-gnu-toolchain/bin/../lib/gcc/arm-none-eabi/6.3.1/../../../../arm-none-eabi/lib/thumb/v6-m\libc_nano.a(lib_a-findfp.o)
                0x000166a8                _cleanup_r
 .text.std.isra.0
                0x000166b8       0x48 c:/program files (x86)/atmel/studio/7.0/toolchain/arm/arm-gnu-toolchain/bin/../lib/gcc/arm-none-eabi/6.3.1/../../../../arm-none-eabi/lib/thumb/v6-m\libc_nano.a(lib_a-findfp.o)
 .text.__sfmoreglue
                0x00016700       0x2c c:/program files (x86)/atmel/studio/7.0/toolchain/arm/arm-gnu-toolchain/bin/../lib/gcc/arm-none-eabi/6.3.1/../../../../arm-none-eabi/lib/thumb/v6-m\libc_nano.a(lib_a-findfp.o)
                0x00016700                __sfmoreglue
 .text.__sinit  0x0001672c       0x68 c:/program files (x86)/atmel/studio/7.0/toolchain/arm/arm-gnu-toolchain/bin/../lib/gcc/arm-none-eabi/6.3.1/../../../../arm-none-eabi/lib/thumb/v6-m\libc_nano.a(lib_a-findfp.o)
                0x0001672c                __sinit
 .text.__sfp    0x00016794       0x80 c:/program files (x86)/atmel/studio/7.0/toolchain/arm/arm-gnu-toolchain/bin/../lib/gcc/arm-none-eabi/6.3.1/../../../../arm-none-eabi/lib/thumb/v6-m\libc_nano.a(lib_a-findfp.o)
                0x00016794                __sfp
 .text._fwalk_reent
                0x00016814       0x42 c:/program files (x86)/atmel/studio/7.0/toolchain/arm/arm-gnu-toolchain/bin/../lib/gcc/arm-none-eabi/6.3.1/../../../../arm-none-eabi/lib/thumb/v6-m\libc_nano.a(lib_a-fwalk.o)
                0x00016814                _fwalk_reent
 .text.__locale_ctype_ptr_l
                0x00016856        0x6 c:/program files (x86)/atmel/studio/7.0/toolchain/arm/arm-gnu-toolchain/bin/../lib/gcc/arm-none-eabi/6.3.1/../../../../arm-none-eabi/lib/thumb/v6-m\libc_nano.a(lib_a-locale.o)
                0x00016856                __locale_ctype_ptr_l
 .text.__swhatbuf_r
                0x0001685c       0x50 c:/program files (x86)/atmel/studio/7.0/toolchain/arm/arm-gnu-toolchain/bin/../lib/gcc/arm-none-eabi/6.3.1/../../../../arm-none-eabi/lib/thumb/v6-m\libc_nano.a(lib_a-makebuf.o)
                0x0001685c                __swhatbuf_r
 .text.__smakebuf_r
                0x000168ac       0x88 c:/program files (x86)/atmel/studio/7.0/toolchain/arm/arm-gnu-toolchain/bin/../lib/gcc/arm-none-eabi/6.3.1/../../../../arm-none-eabi/lib/thumb/v6-m\libc_nano.a(lib_a-makebuf.o)
                0x000168ac                __smakebuf_r
 .text.malloc   0x00016934       0x14 c:/program files (x86)/atmel/studio/7.0/toolchain/arm/arm-gnu-toolchain/bin/../lib/gcc/arm-none-eabi/6.3.1/../../../../arm-none-eabi/lib/thumb/v6-m\libc_nano.a(lib_a-malloc.o)
                0x00016934                malloc
 .text.__ascii_mbtowc
                0x00016948       0x24 c:/program files (x86)/atmel/studio/7.0/toolchain/arm/arm-gnu-toolchain/bin/../lib/gcc/arm-none-eabi/6.3.1/../../../../arm-none-eabi/lib/thumb/v6-m\libc_nano.a(lib_a-mbtowc_r.o)
                0x00016948                __ascii_mbtowc
 .text._free_r  0x0001696c       0x94 c:/program files (x86)/atmel/studio/7.0/toolchain/arm/arm-gnu-toolchain/bin/../lib/gcc/arm-none-eabi/6.3.1/../../../../arm-none-eabi/lib/thumb/v6-m\libc_nano.a(lib_a-nano-freer.o)
                0x0001696c                _free_r
 .text._malloc_r
                0x00016a00       0xbc c:/program files (x86)/atmel/studio/7.0/toolchain/arm/arm-gnu-toolchain/bin/../lib/gcc/arm-none-eabi/6.3.1/../../../../arm-none-eabi/lib/thumb/v6-m\libc_nano.a(lib_a-nano-mallocr.o)
                0x00016a00                _malloc_r
 .text.__sfputc_r
                0x00016abc       0x2a c:/program files (x86)/atmel/studio/7.0/toolchain/arm/arm-gnu-toolchain/bin/../lib/gcc/arm-none-eabi/6.3.1/../../../../arm-none-eabi/lib/thumb/v6-m\libc_nano.a(lib_a-nano-vfprintf.o)
 .text.__sfputs_r
                0x00016ae6       0x24 c:/program files (x86)/atmel/studio/7.0/toolchain/arm/arm-gnu-toolchain/bin/../lib/gcc/arm-none-eabi/6.3.1/../../../../arm-none-eabi/lib/thumb/v6-m\libc_nano.a(lib_a-nano-vfprintf.o)
                0x00016ae6                __sfputs_r
 *fill*         0x00016b0a        0x2 ffffffff
 .text._vfprintf_r
                0x00016b0c      0x238 c:/program files (x86)/atmel/studio/7.0/toolchain/arm/arm-gnu-toolchain/bin/../lib/gcc/arm-none-eabi/6.3.1/../../../../arm-none-eabi/lib/thumb/v6-m\libc_nano.a(lib_a-nano-vfprintf.o)
                0x00016b0c                _vfprintf_r
                0x00016b0c                _vfiprintf_r
 .text._printf_common
                0x00016d44       0xda c:/program files (x86)/atmel/studio/7.0/toolchain/arm/arm-gnu-toolchain/bin/../lib/gcc/arm-none-eabi/6.3.1/../../../../arm-none-eabi/lib/thumb/v6-m\libc_nano.a(lib_a-nano-vfprintf_i.o)
                0x00016d44                _printf_common
 *fill*         0x00016e1e        0x2 ffffffff
 .text._printf_i
                0x00016e20      0x234 c:/program files (x86)/atmel/studio/7.0/toolchain/arm/arm-gnu-toolchain/bin/../lib/gcc/arm-none-eabi/6.3.1/../../../../arm-none-eabi/lib/thumb/v6-m\libc_nano.a(lib_a-nano-vfprintf_i.o)
                0x00016e20                _printf_i
 .text._sbrk_r  0x00017054       0x24 c:/program files (x86)/atmel/studio/7.0/toolchain/arm/arm-gnu-toolchain/bin/../lib/gcc/arm-none-eabi/6.3.1/../../../../arm-none-eabi/lib/thumb/v6-m\libc_nano.a(lib_a-sbrkr.o)
                0x00017054                _sbrk_r
 .text.__sread  0x00017078       0x28 c:/program files (x86)/atmel/studio/7.0/toolchain/arm/arm-gnu-toolchain/bin/../lib/gcc/arm-none-eabi/6.3.1/../../../../arm-none-eabi/lib/thumb/v6-m\libc_nano.a(lib_a-stdio.o)
                0x00017078                __sread
 .text.__swrite
                0x000170a0       0x38 c:/program files (x86)/atmel/studio/7.0/toolchain/arm/arm-gnu-toolchain/bin/../lib/gcc/arm-none-eabi/6.3.1/../../../../arm-none-eabi/lib/thumb/v6-m\libc_nano.a(lib_a-stdio.o)
                0x000170a0                __swrite
 .text.__sseek  0x000170d8       0x2c c:/program files (x86)/atmel/studio/7.0/toolchain/arm/arm-gnu-toolchain/bin/../lib/gcc/arm-none-eabi/6.3.1/../../../../arm-none-eabi/lib/thumb/v6-m\libc_nano.a(lib_a-stdio.o)
                0x000170d8                __sseek
 .text.__sclose
                0x00017104        0xc c:/program files (x86)/atmel/studio/7.0/toolchain/arm/arm-gnu-toolchain/bin/../lib/gcc/arm-none-eabi/6.3.1/../../../../arm-none-eabi/lib/thumb/v6-m\libc_nano.a(lib_a-stdio.o)
                0x00017104                __sclose
 .text.__swbuf_r
                0x00017110       0xac c:/program files (x86)/atmel/studio/7.0/toolchain/arm/arm-gnu-toolchain/bin/../lib/gcc/arm-none-eabi/6.3.1/../../../../arm-none-eabi/lib/thumb/v6-m\libc_nano.a(lib_a-wbuf.o)
                0x00017110                __swbuf_r
 .text.__ascii_wctomb
                0x000171bc       0x18 c:/program files (x86)/atmel/studio/7.0/toolchain/arm/arm-gnu-toolchain/bin/../lib/gcc/arm-none-eabi/6.3.1/../../../../arm-none-eabi/lib/thumb/v6-m\libc_nano.a(lib_a-wctomb_r.o)
                0x000171bc                __ascii_wctomb
 .text._write_r
                0x000171d4       0x28 c:/program files (x86)/atmel/studio/7.0/toolchain/arm/arm-gnu-toolchain/bin/../lib/gcc/arm-none-eabi/6.3.1/../../../../arm-none-eabi/lib/thumb/v6-m\libc_nano.a(lib_a-writer.o)
                0x000171d4                _write_r
 .text.__swsetup_r
                0x000171fc       0xec c:/program files (x86)/atmel/studio/7.0/toolchain/arm/arm-gnu-toolchain/bin/../lib/gcc/arm-none-eabi/6.3.1/../../../../arm-none-eabi/lib/thumb/v6-m\libc_nano.a(lib_a-wsetup.o)
                0x000171fc                __swsetup_r
 .text._close_r
                0x000172e8       0x24 c:/program files (x86)/atmel/studio/7.0/toolchain/arm/arm-gnu-toolchain/bin/../lib/gcc/arm-none-eabi/6.3.1/../../../../arm-none-eabi/lib/thumb/v6-m\libc_nano.a(lib_a-closer.o)
                0x000172e8                _close_r
 .text._fstat_r
                0x0001730c       0x24 c:/program files (x86)/atmel/studio/7.0/toolchain/arm/arm-gnu-toolchain/bin/../lib/gcc/arm-none-eabi/6.3.1/../../../../arm-none-eabi/lib/thumb/v6-m\libc_nano.a(lib_a-fstatr.o)
                0x0001730c                _fstat_r
 .text._isatty_r
                0x00017330       0x24 c:/program files (x86)/atmel/studio/7.0/toolchain/arm/arm-gnu-toolchain/bin/../lib/gcc/arm-none-eabi/6.3.1/../../../../arm-none-eabi/lib/thumb/v6-m\libc_nano.a(lib_a-isattyr.o)
                0x00017330                _isatty_r
 .text._lseek_r
                0x00017354       0x28 c:/program files (x86)/atmel/studio/7.0/toolchain/arm/arm-gnu-toolchain/bin/../lib/gcc/arm-none-eabi/6.3.1/../../../../arm-none-eabi/lib/thumb/v6-m\libc_nano.a(lib_a-lseekr.o)
                0x00017354                _lseek_r
 .text.memchr   0x0001737c       0x16 c:/program files (x86)/atmel/studio/7.0/toolchain/arm/arm-gnu-toolchain/bin/../lib/gcc/arm-none-eabi/6.3.1/../../../../arm-none-eabi/lib/thumb/v6-m\libc_nano.a(lib_a-memchr-stub.o)
                0x0001737c                memchr
 .text.__malloc_lock
                0x00017392        0x2 c:/program files (x86)/atmel/studio/7.0/toolchain/arm/arm-gnu-toolchain/bin/../lib/gcc/arm-none-eabi/6.3.1/../../../../arm-none-eabi/lib/thumb/v6-m\libc_nano.a(lib_a-mlock.o)
                0x00017392                __malloc_lock
 .text.__malloc_unlock
                0x00017394        0x2 c:/program files (x86)/atmel/studio/7.0/toolchain/arm/arm-gnu-toolchain/bin/../lib/gcc/arm-none-eabi/6.3.1/../../../../arm-none-eabi/lib/thumb/v6-m\libc_nano.a(lib_a-mlock.o)
                0x00017394                __malloc_unlock
 *fill*         0x00017396        0x2 ffffffff
 .text._read_r  0x00017398       0x28 c:/program files (x86)/atmel/studio/7.0/toolchain/arm/arm-gnu-toolchain/bin/../lib/gcc/arm-none-eabi/6.3.1/../../../../arm-none-eabi/lib/thumb/v6-m\libc_nano.a(lib_a-readr.o)
                0x00017398                _read_r
 *(.glue_7t)
 .glue_7t       0x000173c0        0x0 linker stubs
 *(.glue_7)
 .glue_7        0x000173c0        0x0 linker stubs
 *(.rodata .rodata* .gnu.linkonce.r.*)
 .rodata.wsndemo_task
                0x000173c0       0x50 src/wsndemo.o
 .rodata.Connection_Confirm.str1.4
                0x00017410       0x1b src/wsndemo.o
 *fill*         0x0001742b        0x1 ffffffff
 .rodata.appDataInd.str1.4
                0x0001742c       0x10 src/wsndemo.o
                                  0xe (size before relaxing)
 .rodata        0x0001743c       0x18 src/ASF/sam0/drivers/sercom/sercom.o
 .rodata.system_clock_source_get_hz
                0x00017454       0x24 src/ASF/sam0/drivers/system/clock/clock_samd21_r21_da_ha1/clock.o
 .rodata        0x00017478        0xc src/ASF/sam0/drivers/tc/tc_sam_d_r_h/tc.o
 .rodata.WriteDataBlockAndHeader.cst2
                0x00017484        0x2 src/ASF/thirdparty/wireless/miwi/services/pds/src/nv/S_Nv-SamR21.o
 *fill*         0x00017486        0x2 ffffffff
 .rodata.pdsUpdateMemory
                0x00017488       0x30 src/ASF/thirdparty/wireless/miwi/services/pds/src/wl/wlPdsTypesConverter.o
 .rodata.MiWiItemIdsTable
                0x000174b8       0x14 src/ASF/thirdparty/wireless/miwi/source/miwi_mesh/miwi_mesh_pds.o
                0x000174b8                MiWiItemIdsTable
 .rodata.CSWTCH.8
                0x000174cc        0x7 src/ASF/thirdparty/wireless/miwi/source/stb/src/stb.o
 *fill*         0x000174d3        0x1 ffffffff
 .rodata.CSWTCH.9
                0x000174d4        0x7 src/ASF/thirdparty/wireless/miwi/source/stb/src/stb.o
 *fill*         0x000174db        0x1 ffffffff
 .rodata.tc_interrupt_vectors.11960
                0x000174dc        0x3 src/ASF/thirdparty/wireless/services/common_hw_timer/sam0/hw_timer.o
 *fill*         0x000174df        0x1 ffffffff
 .rodata        0x000174e0        0xc src/ASF/thirdparty/wireless/services/edbg_eui/edbg-eui.o
 .rodata.MiApp_Get
                0x000174ec       0x1c ../src/ASF/thirdparty/wireless/miwi/source/miwi_mesh/sam0/gcc\libsam0_miwi_mesh_panc_sec.a(miwi_mesh.o)
 .rodata        0x00017508       0x80 c:/program files (x86)/atmel/studio/7.0/toolchain/arm/arm-gnu-toolchain/bin/../lib/gcc/arm-none-eabi/6.3.1/thumb/v6-m\libgcc.a(divsf3.o)
 .rodata        0x00017588       0x40 c:/program files (x86)/atmel/studio/7.0/toolchain/arm/arm-gnu-toolchain/bin/../lib/gcc/arm-none-eabi/6.3.1/thumb/v6-m\libgcc.a(divdf3.o)
 .rodata        0x000175c8       0x40 c:/program files (x86)/atmel/studio/7.0/toolchain/arm/arm-gnu-toolchain/bin/../lib/gcc/arm-none-eabi/6.3.1/thumb/v6-m\libgcc.a(muldf3.o)
 .rodata._global_impure_ptr
                0x00017608        0x4 c:/program files (x86)/atmel/studio/7.0/toolchain/arm/arm-gnu-toolchain/bin/../lib/gcc/arm-none-eabi/6.3.1/../../../../arm-none-eabi/lib/thumb/v6-m\libc_nano.a(lib_a-impure.o)
                0x00017608                _global_impure_ptr
 .rodata.__sf_fake_stderr
                0x0001760c       0x20 c:/program files (x86)/atmel/studio/7.0/toolchain/arm/arm-gnu-toolchain/bin/../lib/gcc/arm-none-eabi/6.3.1/../../../../arm-none-eabi/lib/thumb/v6-m\libc_nano.a(lib_a-findfp.o)
                0x0001760c                __sf_fake_stderr
 .rodata.__sf_fake_stdin
                0x0001762c       0x20 c:/program files (x86)/atmel/studio/7.0/toolchain/arm/arm-gnu-toolchain/bin/../lib/gcc/arm-none-eabi/6.3.1/../../../../arm-none-eabi/lib/thumb/v6-m\libc_nano.a(lib_a-findfp.o)
                0x0001762c                __sf_fake_stdin
 .rodata.__sf_fake_stdout
                0x0001764c       0x20 c:/program files (x86)/atmel/studio/7.0/toolchain/arm/arm-gnu-toolchain/bin/../lib/gcc/arm-none-eabi/6.3.1/../../../../arm-none-eabi/lib/thumb/v6-m\libc_nano.a(lib_a-findfp.o)
                0x0001764c                __sf_fake_stdout
 .rodata._setlocale_r.str1.1
                0x0001766c        0x8 c:/program files (x86)/atmel/studio/7.0/toolchain/arm/arm-gnu-toolchain/bin/../lib/gcc/arm-none-eabi/6.3.1/../../../../arm-none-eabi/lib/thumb/v6-m\libc_nano.a(lib_a-locale.o)
                                  0x9 (size before relaxing)
 .rodata.str1.1
                0x00017674        0x2 c:/program files (x86)/atmel/studio/7.0/toolchain/arm/arm-gnu-toolchain/bin/../lib/gcc/arm-none-eabi/6.3.1/../../../../arm-none-eabi/lib/thumb/v6-m\libc_nano.a(lib_a-locale.o)
 .rodata._vfprintf_r.str1.1
                0x00017676       0x11 c:/program files (x86)/atmel/studio/7.0/toolchain/arm/arm-gnu-toolchain/bin/../lib/gcc/arm-none-eabi/6.3.1/../../../../arm-none-eabi/lib/thumb/v6-m\libc_nano.a(lib_a-nano-vfprintf.o)
 .rodata._printf_i.str1.1
                0x00017687       0x22 c:/program files (x86)/atmel/studio/7.0/toolchain/arm/arm-gnu-toolchain/bin/../lib/gcc/arm-none-eabi/6.3.1/../../../../arm-none-eabi/lib/thumb/v6-m\libc_nano.a(lib_a-nano-vfprintf_i.o)
 .rodata._ctype_
                0x000176a9      0x101 c:/program files (x86)/atmel/studio/7.0/toolchain/arm/arm-gnu-toolchain/bin/../lib/gcc/arm-none-eabi/6.3.1/../../../../arm-none-eabi/lib/thumb/v6-m\libc_nano.a(lib_a-ctype_.o)
                0x000176a9                _ctype_
 *(.ARM.extab* .gnu.linkonce.armextab.*)
                0x000177ac                . = ALIGN (0x4)
 *fill*         0x000177aa        0x2 ffffffff
 *(.init)
 .init          0x000177ac        0x4 c:/program files (x86)/atmel/studio/7.0/toolchain/arm/arm-gnu-toolchain/bin/../lib/gcc/arm-none-eabi/6.3.1/thumb/v6-m/crti.o
                0x000177ac                _init
 .init          0x000177b0        0x8 c:/program files (x86)/atmel/studio/7.0/toolchain/arm/arm-gnu-toolchain/bin/../lib/gcc/arm-none-eabi/6.3.1/thumb/v6-m/crtn.o
                0x000177b8                . = ALIGN (0x4)
                0x000177b8                __preinit_array_start = .
 *(.preinit_array)
                0x000177b8                __preinit_array_end = .
                0x000177b8                . = ALIGN (0x4)
                0x000177b8                __init_array_start = .
 *(SORT(.init_array.*))
 *(.init_array)
 .init_array    0x000177b8        0x4 c:/program files (x86)/atmel/studio/7.0/toolchain/arm/arm-gnu-toolchain/bin/../lib/gcc/arm-none-eabi/6.3.1/thumb/v6-m/crtbegin.o
                0x000177bc                __init_array_end = .
                0x000177bc                . = ALIGN (0x4)
 *crtbegin.o(.ctors)
 *(EXCLUDE_FILE(*crtend.o) .ctors)
 *(SORT(.ctors.*))
 *crtend.o(.ctors)
                0x000177bc                . = ALIGN (0x4)
 *(.fini)
 .fini          0x000177bc        0x4 c:/program files (x86)/atmel/studio/7.0/toolchain/arm/arm-gnu-toolchain/bin/../lib/gcc/arm-none-eabi/6.3.1/thumb/v6-m/crti.o
                0x000177bc                _fini
 .fini          0x000177c0        0x8 c:/program files (x86)/atmel/studio/7.0/toolchain/arm/arm-gnu-toolchain/bin/../lib/gcc/arm-none-eabi/6.3.1/thumb/v6-m/crtn.o
                0x000177c8                . = ALIGN (0x4)
                0x000177c8                __fini_array_start = .
 *(.fini_array)
 .fini_array    0x000177c8        0x4 c:/program files (x86)/atmel/studio/7.0/toolchain/arm/arm-gnu-toolchain/bin/../lib/gcc/arm-none-eabi/6.3.1/thumb/v6-m/crtbegin.o
 *(SORT(.fini_array.*))
                0x000177cc                __fini_array_end = .
 *crtbegin.o(.dtors)
 *(EXCLUDE_FILE(*crtend.o) .dtors)
 *(SORT(.dtors.*))
 *crtend.o(.dtors)
                0x000177cc                . = ALIGN (0x4)
                0x000177cc                _efixed = .
                [!provide]                PROVIDE (__exidx_start, .)

.vfp11_veneer   0x000177cc        0x0
 .vfp11_veneer  0x000177cc        0x0 linker stubs

.v4_bx          0x000177cc        0x0
 .v4_bx         0x000177cc        0x0 linker stubs

.iplt           0x000177cc        0x0
 .iplt          0x000177cc        0x0 c:/program files (x86)/atmel/studio/7.0/toolchain/arm/arm-gnu-toolchain/bin/../lib/gcc/arm-none-eabi/6.3.1/thumb/v6-m/crtbegin.o

.eh_frame       0x000177cc        0x0
 .eh_frame      0x000177cc        0x0 c:/program files (x86)/atmel/studio/7.0/toolchain/arm/arm-gnu-toolchain/bin/../lib/gcc/arm-none-eabi/6.3.1/thumb/v6-m/crtbegin.o

.rel.dyn        0x000177cc        0x0
 .rel.iplt      0x000177cc        0x0 c:/program files (x86)/atmel/studio/7.0/toolchain/arm/arm-gnu-toolchain/bin/../lib/gcc/arm-none-eabi/6.3.1/thumb/v6-m/crtbegin.o

.jcr            0x000177cc        0x0
 .jcr           0x000177cc        0x0 c:/program files (x86)/atmel/studio/7.0/toolchain/arm/arm-gnu-toolchain/bin/../lib/gcc/arm-none-eabi/6.3.1/thumb/v6-m/crtbegin.o

.igot.plt       0x000177cc        0x0
 .igot.plt      0x000177cc        0x0 c:/program files (x86)/atmel/studio/7.0/toolchain/arm/arm-gnu-toolchain/bin/../lib/gcc/arm-none-eabi/6.3.1/thumb/v6-m/crtbegin.o

.ARM.exidx
 *(.ARM.exidx* .gnu.linkonce.armexidx.*)
                [!provide]                PROVIDE (__exidx_end, .)
                0x000177cc                . = ALIGN (0x4)
                0x000177cc                _etext = .

.relocate       0x20000000      0x270 load address 0x000177cc
                0x20000000                . = ALIGN (0x4)
                0x20000000                _srelocate = .
 *(.ramfunc .ramfunc.*)
 *(.data .data.*)
 .data.dst_addr
                0x20000000        0x2 src/wsndemo.o
                0x20000000                dst_addr
 .data.state_returned
                0x20000002        0x1 src/wsndemo.o
                0x20000002                state_returned
 *fill*         0x20000003        0x1 
 .data.cycles_per_ms
                0x20000004        0x4 src/ASF/common2/services/delay/sam0/systick_counter.o
 .data.cycles_per_us
                0x20000008        0x4 src/ASF/common2/services/delay/sam0/systick_counter.o
 .data.g_interrupt_enabled
                0x2000000c        0x1 src/ASF/common/utils/interrupt/interrupt_sam_nvic.o
                0x2000000c                g_interrupt_enabled
 .data.s_sectorToErase
                0x2000000d        0x1 src/ASF/thirdparty/wireless/miwi/services/pds/src/nv/S_Nv-SamR21.o
 .data.BankIndex
                0x2000000e        0x1 src/ASF/thirdparty/wireless/miwi/source/mimac/mimac_at86rf.o
                0x2000000e                BankIndex
 *fill*         0x2000000f        0x1 
 .data.defaultParamsRamOnly
                0x20000010       0x22 src/ASF/thirdparty/wireless/miwi/source/miwi_mesh/miwi_mesh_app.o
                0x20000010                defaultParamsRamOnly
 *fill*         0x20000032        0x2 
 .data.defaultParamsRomOrRam
                0x20000034       0x48 src/ASF/thirdparty/wireless/miwi/source/miwi_mesh/miwi_mesh_app.o
                0x20000034                defaultParamsRomOrRam
 .data.networkKey
                0x2000007c       0x10 src/ASF/thirdparty/wireless/miwi/source/miwi_mesh/miwi_mesh_app.o
                0x2000007c                networkKey
 .data.key_change
                0x2000008c        0x1 src/ASF/thirdparty/wireless/miwi/source/stb/src/stb.o
 *fill*         0x2000008d        0x3 
 .data.write_buffer
                0x20000090        0x2 src/ASF/thirdparty/wireless/services/edbg_eui/edbg-eui.o
 .data.last_dir
                0x20000092        0x1 src/ASF/thirdparty/wireless/services/sal/at86rf2xx/src/sal.o
 .data.newChannelToUpdate
                0x20000093        0x1 ../src/ASF/thirdparty/wireless/miwi/source/miwi_mesh/sam0/gcc\libsam0_miwi_mesh_panc_sec.a(miwi_mesh.o)
                0x20000093                newChannelToUpdate
 .data.txCallbackReceived
                0x20000094        0x1 ../src/ASF/thirdparty/wireless/miwi/source/miwi_mesh/sam0/gcc\libsam0_miwi_mesh_panc_sec.a(miwi_mesh.o)
                0x20000094                txCallbackReceived
 .data.bloomFilterAutoJoin
                0x20000095        0x1 ../src/ASF/thirdparty/wireless/miwi/source/miwi_mesh/sam0/gcc\libsam0_miwi_mesh_panc_sec.a(miwi_mesh_commissioning.o)
                0x20000095                bloomFilterAutoJoin
 *fill*         0x20000096        0x2 
 .data.myLongAddress
                0x20000098        0x8 ../src/ASF/thirdparty/wireless/miwi/source/miwi_mesh/sam0/gcc\libsam0_miwi_mesh_panc_sec.a(miwi_mesh_frame.o)
                0x20000098                myLongAddress
 .data._impure_ptr
                0x200000a0        0x4 c:/program files (x86)/atmel/studio/7.0/toolchain/arm/arm-gnu-toolchain/bin/../lib/gcc/arm-none-eabi/6.3.1/../../../../arm-none-eabi/lib/thumb/v6-m\libc_nano.a(lib_a-impure.o)
                0x200000a0                _impure_ptr
 .data.impure_data
                0x200000a4       0x60 c:/program files (x86)/atmel/studio/7.0/toolchain/arm/arm-gnu-toolchain/bin/../lib/gcc/arm-none-eabi/6.3.1/../../../../arm-none-eabi/lib/thumb/v6-m\libc_nano.a(lib_a-impure.o)
 .data.__global_locale
                0x20000104      0x16c c:/program files (x86)/atmel/studio/7.0/toolchain/arm/arm-gnu-toolchain/bin/../lib/gcc/arm-none-eabi/6.3.1/../../../../arm-none-eabi/lib/thumb/v6-m\libc_nano.a(lib_a-locale.o)
                0x20000104                __global_locale
                0x20000270                . = ALIGN (0x4)
                0x20000270                _erelocate = .

.bss            0x20000270     0x2878 load address 0x00017a40
                0x20000270                . = ALIGN (0x4)
                0x20000270                _sbss = .
                0x20000270                _szero = .
 *(.bss .bss.*)
 .bss           0x20000270       0x1c c:/program files (x86)/atmel/studio/7.0/toolchain/arm/arm-gnu-toolchain/bin/../lib/gcc/arm-none-eabi/6.3.1/thumb/v6-m/crtbegin.o
 .bss.appMsg    0x2000028c        0xb src/wsndemo.o
 .bss.appNetworkStatus
                0x20000297        0x1 src/wsndemo.o
 .bss.appNetworkStatusTimer
                0x20000298       0x14 src/wsndemo.o
 .bss.appState  0x200002ac        0x1 src/wsndemo.o
 *fill*         0x200002ad        0x3 
 .bss.cmd       0x200002b0        0xc src/wsndemo.o
 .bss.commands  0x200002bc       0x1e src/wsndemo.o
 .bss.flag_busy
                0x200002da        0x1 src/wsndemo.o
                0x200002da                flag_busy
 .bss.index_serial
                0x200002db        0x1 src/wsndemo.o
 .bss.reconnectStatus
                0x200002dc        0x1 src/wsndemo.o
                0x200002dc                reconnectStatus
 *fill*         0x200002dd        0x3 
 .bss.rx_data   0x200002e0       0x14 src/wsndemo.o
 .bss.try_again
                0x200002f4        0x1 src/wsndemo.o
 *fill*         0x200002f5        0x1 
 .bss.unique_id
                0x200002f6        0x2 src/wsndemo.o
                0x200002f6                unique_id
 .bss.verify_cycle
                0x200002f8        0x1 src/wsndemo.o
                0x200002f8                verify_cycle
 .bss.wsnmsghandle
                0x200002f9        0x1 src/wsndemo.o
 *fill*         0x200002fa        0x2 
 .bss.cpu_irq_critical_section_counter
                0x200002fc        0x4 src/ASF/common/utils/interrupt/interrupt_sam_nvic.o
 .bss.cpu_irq_prev_interrupt_state
                0x20000300        0x1 src/ASF/common/utils/interrupt/interrupt_sam_nvic.o
 *fill*         0x20000301        0x3 
 .bss._nvm_dev  0x20000304        0x6 src/ASF/sam0/drivers/nvm/nvm.o
 *fill*         0x2000030a        0x2 
 .bss._sercom_config
                0x2000030c        0x2 src/ASF/sam0/drivers/sercom/sercom.o
 .bss._handler_table_initialized
                0x2000030e        0x1 src/ASF/sam0/drivers/sercom/sercom_interrupt.o
 *fill*         0x2000030f        0x1 
 .bss._sercom_interrupt_handlers
                0x20000310       0x18 src/ASF/sam0/drivers/sercom/sercom_interrupt.o
 .bss._system_clock_inst
                0x20000328       0x18 src/ASF/sam0/drivers/system/clock/clock_samd21_r21_da_ha1/clock.o
 .bss.heap.5296
                0x20000340        0x4 src/ASF/sam0/utils/syscalls/gcc/syscalls.o
 .bss.host_uart_module
                0x20000344       0x34 src/ASF/thirdparty/wireless/addons/sio2host/uart/sio2host.o
 .bss.serial_rx_buf
                0x20000378       0x9c src/ASF/thirdparty/wireless/addons/sio2host/uart/sio2host.o
 .bss.serial_rx_buf_head
                0x20000414        0x1 src/ASF/thirdparty/wireless/addons/sio2host/uart/sio2host.o
 .bss.serial_rx_buf_tail
                0x20000415        0x1 src/ASF/thirdparty/wireless/addons/sio2host/uart/sio2host.o
 .bss.serial_rx_count
                0x20000416        0x1 src/ASF/thirdparty/wireless/addons/sio2host/uart/sio2host.o
 *fill*         0x20000417        0x1 
 .bss.s_pfSystemCheckCallback
                0x20000418        0x4 src/ASF/thirdparty/wireless/miwi/services/pds/src/nv/D_Nv.o
 .bss.compactBlockOffset
                0x2000041c        0x2 src/ASF/thirdparty/wireless/miwi/services/pds/src/nv/S_Nv-SamR21.o
 *fill*         0x2000041e        0x2 
 .bss.compactItemTimer
                0x20000420       0x14 src/ASF/thirdparty/wireless/miwi/services/pds/src/nv/S_Nv-SamR21.o
 .bss.compactSectorTimer
                0x20000434       0x14 src/ASF/thirdparty/wireless/miwi/services/pds/src/nv/S_Nv-SamR21.o
 .bss.currentCompactLength
                0x20000448        0x2 src/ASF/thirdparty/wireless/miwi/services/pds/src/nv/S_Nv-SamR21.o
 *fill*         0x2000044a        0x2 
 .bss.dataBlock
                0x2000044c      0x100 src/ASF/thirdparty/wireless/miwi/services/pds/src/nv/S_Nv-SamR21.o
 .bss.eraseSectorTimer
                0x2000054c       0x14 src/ASF/thirdparty/wireless/miwi/services/pds/src/nv/S_Nv-SamR21.o
 .bss.s_compactItemId
                0x20000560        0x2 src/ASF/thirdparty/wireless/miwi/services/pds/src/nv/S_Nv-SamR21.o
 .bss.s_compactItemLength
                0x20000562        0x2 src/ASF/thirdparty/wireless/miwi/services/pds/src/nv/S_Nv-SamR21.o
 .bss.s_earlyInitDone
                0x20000564        0x1 src/ASF/thirdparty/wireless/miwi/services/pds/src/nv/S_Nv-SamR21.o
 *fill*         0x20000565        0x3 
 .bss.s_itemCache
                0x20000568       0x30 src/ASF/thirdparty/wireless/miwi/services/pds/src/nv/S_Nv-SamR21.o
 .bss.s_itemCount
                0x20000598        0x1 src/ASF/thirdparty/wireless/miwi/services/pds/src/nv/S_Nv-SamR21.o
 *fill*         0x20000599        0x1 
 .bss.s_nextPageAddressAfterCompact
                0x2000059a        0x2 src/ASF/thirdparty/wireless/miwi/services/pds/src/nv/S_Nv-SamR21.o
 .bss.s_powerSupplyCheckingFunction
                0x2000059c        0x4 src/ASF/thirdparty/wireless/miwi/services/pds/src/nv/S_Nv-SamR21.o
 .bss.s_sector  0x200005a0        0x1 src/ASF/thirdparty/wireless/miwi/services/pds/src/nv/S_Nv-SamR21.o
 *fill*         0x200005a1        0x1 
 .bss.s_sectorHead